[backblue.gif]
[fade.gif]
[index.html]
[spacingtech.com/html/mitho/mitho/img/popup/home3-popup1.jpg]
[spacingtech.com/html/mitho/mitho/img/flag/flag-1.png]
[spacingtech.com/html/mitho/mitho/img/flag/flag-2.png]
[spacingtech.com/html/mitho/mitho/img/flag/flag-3.png]
[spacingtech.com/html/mitho/mitho/img/flag/flag-4.png]
[spacingtech.com/html/mitho/mitho/img/flag/flag-5.png]
[spacingtech.com/html/mitho/mitho/img/logo/logo3.png]
[spacingtech.com/html/mitho/mitho/img/menu/home3-shopbanner-1.jpg]
[spacingtech.com/html/mitho/mitho/img/menu/home3-shopbanner-2.jpg]
[spacingtech.com/html/mitho/mitho/img/menu/home3-pro-banner1.jpg]
[spacingtech.com/html/mitho/mitho/img/menu/home3-pro-banner2.jpg]
[spacingtech.com/html/mitho/mitho/img/menu/home3-pro-banner3.jpg]
[spacingtech.com/html/mitho/mitho/img/menu/home3-pro-banner4.jpg]
[spacingtech.com/html/mitho/mitho/img/menu/home3-pro-banner5.jpg]
[spacingtech.com/html/mitho/mitho/img/menu/home3-pro-banner6.jpg]
[spacingtech.com/html/mitho/mitho/img/menu/home3-pro-banner7.jpg]
[spacingtech.com/html/mitho/mitho/img/menu/home3-pro-banner8.jpg]
[spacingtech.com/html/mitho/mitho/img/menu/home3-collection1.jpg]
[spacingtech.com/html/mitho/mitho/img/menu/home3-collection2.jpg]
[spacingtech.com/html/mitho/mitho/img/menu/home3-collection3.jpg]
[spacingtech.com/html/mitho/mitho/img/menu/home3-blog.jpg]
[spacingtech.com/html/mitho/mitho/img/slider/home3-slider1.jpg]
[spacingtech.com/html/mitho/mitho/img/slider/home3-mobslider-1.jpg]
[spacingtech.com/html/mitho/mitho/img/slider/home3-slider2.jpg]
[spacingtech.com/html/mitho/mitho/img/slider/home3-mobslider-2.jpg]
[spacingtech.com/html/mitho/mitho/img/slider/home3-mobslider-3.jpg]
[spacingtech.com/html/mitho/mitho/img/banner/home3-banner2.jpg]
[spacingtech.com/html/mitho/mitho/img/banner/home3-banner1.jpg]
[spacingtech.com/html/mitho/mitho/img/title/home3-title-img.png]
[spacingtech.com/html/mitho/mitho/img/product/home3-p1.jpg]
[spacingtech.com/html/mitho/mitho/img/product/home3-p2.jpg]
[spacingtech.com/html/mitho/mitho/img/product/home3-p3.jpg]
[spacingtech.com/html/mitho/mitho/img/product/home3-p4.jpg]
[spacingtech.com/html/mitho/mitho/img/product/home3-p5.jpg]
[spacingtech.com/html/mitho/mitho/img/product/home3-p6.jpg]
[spacingtech.com/html/mitho/mitho/img/product/home3-p7.jpg]
[spacingtech.com/html/mitho/mitho/img/product/home3-p8.jpg]
[spacingtech.com/html/mitho/mitho/img/product/home3-p15.jpg]
[spacingtech.com/html/mitho/mitho/img/product/home3-p16.jpg]
[spacingtech.com/html/mitho/mitho/img/product/home3-p17.jpg]
[spacingtech.com/html/mitho/mitho/img/product/home3-p18.jpg]
[spacingtech.com/html/mitho/mitho/img/product/home3-p19.jpg]
[spacingtech.com/html/mitho/mitho/img/product/home3-p20.jpg]
[spacingtech.com/html/mitho/mitho/img/product/home3-p21.jpg]
[spacingtech.com/html/mitho/mitho/img/service/home3-service.jpg]
[spacingtech.com/html/mitho/mitho/img/product/home3-p14.jpg]
[spacingtech.com/html/mitho/mitho/img/product/home3-p9.jpg]
[spacingtech.com/html/mitho/mitho/img/blog/home3-blog1.jpg]
[spacingtech.com/html/mitho/mitho/img/blog/home3-blog2.jpg]
[spacingtech.com/html/mitho/mitho/img/blog/home3-blog3.jpg]
[spacingtech.com/html/mitho/mitho/img/blog/home3-blog4.jpg]
[spacingtech.com/html/mitho/mitho/img/blog/home3-blog5.jpg]
[spacingtech.com/html/mitho/mitho/img/blog/home3-blog7.jpg]
[spacingtech.com/html/mitho/mitho/img/blog/home3-blog8.jpg]
[spacingtech.com/html/mitho/mitho/img/testi/testi1.jpg]
[spacingtech.com/html/mitho/mitho/img/testi/testi2.jpg]
[spacingtech.com/html/mitho/mitho/img/testi/testi3.jpg]
[spacingtech.com/html/mitho/mitho/img/testi/testi4.jpg]
[spacingtech.com/html/mitho/mitho/img/brand-logo/home3-logo1.png]
[spacingtech.com/html/mitho/mitho/img/brand-logo/home3-logo2.png]
[spacingtech.com/html/mitho/mitho/img/brand-logo/home3-logo3.png]
[spacingtech.com/html/mitho/mitho/img/brand-logo/home3-logo4.png]
[spacingtech.com/html/mitho/mitho/img/brand-logo/home3-logo5.png]
[spacingtech.com/html/mitho/mitho/img/brand-logo/home3-logo6.png]
[spacingtech.com/html/mitho/mitho/img/product/home3-p11.jpg]
[spacingtech.com/html/mitho/mitho/img/product/home3-p12.jpg]
[spacingtech.com/html/mitho/mitho/img/payment/pay-visa.jpg]
[spacingtech.com/html/mitho/mitho/img/payment/master.jpg]
[spacingtech.com/html/mitho/mitho/img/payment/paypal.jpg]
[spacingtech.com/html/mitho/mitho/img/payment/wallet.jpg]
[spacingtech.com/html/mitho/mitho/img/cart/home3-cart-1.jpg]
[spacingtech.com/html/mitho/mitho/img/cart/home3-cart-2.jpg]
[spacingtech.com/html/mitho/mitho/img/cart/home3-cart-3.jpg]
[spacingtech.com/html/mitho/mitho/img/cart/home3-cart-4.jpg]
[spacingtech.com/html/mitho/mitho/js/jquery-3.6.3.min.js]
[spacingtech.com/html/mitho/mitho/js/popper.min.js]
[spacingtech.com/html/mitho/mitho/js/bootstrap.min.js]
[spacingtech.com/html/mitho/mitho/js/jquery.magnific-popup.min.js]
[spacingtech.com/html/mitho/mitho/js/owl.carousel.min.js]
[spacingtech.com/html/mitho/mitho/js/swiper-bundle.min.js]
[spacingtech.com/html/mitho/mitho/js/slick.min.js]
[spacingtech.com/html/mitho/mitho/js/waypoints.min.js]
[spacingtech.com/html/mitho/mitho/js/counter.js]
[spacingtech.com/html/mitho/mitho/js/main.js]
[spacingtech.com/html/mitho/mitho/index-3.html]
[spacingtech.com/html/mitho/mitho/img/favicon/favicon3.svg]
[spacingtech.com/html/mitho/mitho/css/bootstrap.min.css]
[spacingtech.com/html/mitho/mitho/font/boostrap-icons/bootstrap-iconsd4f0.woff]
[spacingtech.com/html/mitho/mitho/font/boostrap-icons/bootstrap-iconsd4f0.woff2]
[spacingtech.com/html/mitho/mitho/css/bootstrap-icons.css]
[spacingtech.com/html/mitho/mitho/css/magnific-popup.css]
[spacingtech.com/html/mitho/mitho/font/fontawesome/fa-brands-400.woff2]
[spacingtech.com/html/mitho/mitho/font/fontawesome/fa-brands-400.ttf]
[spacingtech.com/html/mitho/mitho/font/fontawesome/fa-regular-400.woff2]
[spacingtech.com/html/mitho/mitho/font/fontawesome/fa-regular-400.ttf]
[spacingtech.com/html/mitho/mitho/font/fontawesome/fa-solid-900.woff2]
[spacingtech.com/html/mitho/mitho/font/fontawesome/fa-solid-900.ttf]
[spacingtech.com/html/mitho/mitho/font/fontawesome/fa-v4compatibility.woff2]
[spacingtech.com/html/mitho/mitho/font/fontawesome/fa-v4compatibility.ttf]
[spacingtech.com/html/mitho/mitho/css/all.min.css]
[spacingtech.com/html/mitho/mitho/font/Feather144f.woff]
[spacingtech.com/html/mitho/mitho/css/feather.css]
[spacingtech.com/html/mitho/mitho/css/animate.min.css]
[spacingtech.com/html/mitho/mitho/css/owl.carousel.min.css]
[spacingtech.com/html/mitho/mitho/css/owl.theme.default.min.css]
[spacingtech.com/html/mitho/mitho/css/swiper-bundle.min.css]
[spacingtech.com/html/mitho/mitho/css/slick.css]
[spacingtech.com/html/mitho/mitho/css/collection.css]
[spacingtech.com/html/mitho/mitho/css/blog.css]
[spacingtech.com/html/mitho/mitho/img/breadcrumb/breadcrumb.jpg]
[spacingtech.com/html/mitho/mitho/css/other-pages.css]
[spacingtech.com/html/mitho/mitho/img/coming-soon/coming-soon.jpg]
[spacingtech.com/html/mitho/mitho/css/product-page.css]
[spacingtech.com/html/mitho/mitho/css/style3.css]
[spacingtech.com/html/mitho/mitho/img/favicon/favicon1.png]
[spacingtech.com/html/mitho/mitho/img/logo/logo1.png]
[spacingtech.com/html/mitho/mitho/img/menu/home1-shopbanner-1.jpg]
[spacingtech.com/html/mitho/mitho/img/menu/home1-shopbanner-2.jpg]
[spacingtech.com/html/mitho/mitho/img/menu/home1-collection-banner1.jpg]
[spacingtech.com/html/mitho/mitho/img/menu/home1-collection-banner2.jpg]
[spacingtech.com/html/mitho/mitho/img/menu/home1-collection-banner3.jpg]
[spacingtech.com/html/mitho/mitho/img/menu/home1-collection-banner4.jpg]
[spacingtech.com/html/mitho/mitho/img/menu/home1-pro-banner1.jpg]
[spacingtech.com/html/mitho/mitho/img/menu/home1-pro-banner2.jpg]
[spacingtech.com/html/mitho/mitho/img/menu/home1-pro-banner3.jpg]
[spacingtech.com/html/mitho/mitho/img/menu/home1-pro-banner4.jpg]
[spacingtech.com/html/mitho/mitho/img/menu/home1-pro-banner5.jpg]
[spacingtech.com/html/mitho/mitho/img/menu/home1-pro-banner6.jpg]
[spacingtech.com/html/mitho/mitho/img/menu/home1-pro-banner7.jpg]
[spacingtech.com/html/mitho/mitho/img/menu/home1-pro-banner8.jpg]
[spacingtech.com/html/mitho/mitho/img/cart/home1-cate-menu1.jpg]
[spacingtech.com/html/mitho/mitho/img/cart/home1-cate-menu2.jpg]
[spacingtech.com/html/mitho/mitho/img/cart/home1-cate-menu3.jpg]
[spacingtech.com/html/mitho/mitho/img/cart/home1-cate-menu4.jpg]
[spacingtech.com/html/mitho/mitho/img/product/home-quick1.jpg]
[spacingtech.com/html/mitho/mitho/img/product/home-quick2.jpg]
[spacingtech.com/html/mitho/mitho/img/product/home-quick3.jpg]
[spacingtech.com/html/mitho/mitho/img/product/home-quick4.jpg]
[spacingtech.com/html/mitho/mitho/img/product/home-quick5.jpg]
[spacingtech.com/html/mitho/mitho/login-account.html]
[spacingtech.com/html/mitho/mitho/create-account.html]
[spacingtech.com/html/mitho/mitho/img/slider/home1-slider-1.jpg]
[spacingtech.com/html/mitho/mitho/img/slider/home1-mobile-slider-1.jpg]
[spacingtech.com/html/mitho/mitho/img/slider/home1-slider-2.jpg]
[spacingtech.com/html/mitho/mitho/img/slider/home1-mobile-slider-2.jpg]
[spacingtech.com/html/mitho/mitho/img/slider/home1-slider-3.jpg]
[spacingtech.com/html/mitho/mitho/img/slider/home1-mobile-slider-3.jpg]
[spacingtech.com/html/mitho/mitho/img/banner/home1-banner-1.jpg]
[spacingtech.com/html/mitho/mitho/img/banner/home1-banner-2.jpg]
[spacingtech.com/html/mitho/mitho/img/product/home1-pro-1.jpg]
[spacingtech.com/html/mitho/mitho/img/product/home1-pro-2.jpg]
[spacingtech.com/html/mitho/mitho/img/product/home1-pro-3.jpg]
[spacingtech.com/html/mitho/mitho/img/product/home1-pro-4.jpg]
[spacingtech.com/html/mitho/mitho/img/product/home1-pro-5.jpg]
[spacingtech.com/html/mitho/mitho/img/product/home1-pro-6.jpg]
[spacingtech.com/html/mitho/mitho/img/product/home1-pro-7.jpg]
[spacingtech.com/html/mitho/mitho/img/product/home1-pro-8.jpg]
[spacingtech.com/html/mitho/mitho/img/product/home1-pro-9.jpg]
[spacingtech.com/html/mitho/mitho/img/product/home1-pro-10.jpg]
[spacingtech.com/html/mitho/mitho/img/product/home1-pro-11.jpg]
[spacingtech.com/html/mitho/mitho/img/product/home1-pro-12.jpg]
[spacingtech.com/html/mitho/mitho/img/product/home1-pro-13.jpg]
[spacingtech.com/html/mitho/mitho/img/product/home1-pro-14.jpg]
[spacingtech.com/html/mitho/mitho/img/product/home1-pro-15.jpg]
[spacingtech.com/html/mitho/mitho/img/product/home1-pro-16.jpg]
[spacingtech.com/html/mitho/mitho/img/product/home1-pro-17.jpg]
[spacingtech.com/html/mitho/mitho/img/product/home1-pro-18.jpg]
[spacingtech.com/html/mitho/mitho/img/product/home1-pro-19.jpg]
[spacingtech.com/html/mitho/mitho/img/product/home1-pro-20.jpg]
[spacingtech.com/html/mitho/mitho/img/banner/history-banner1.jpg]
[spacingtech.com/html/mitho/mitho/img/banner/history-banner2.jpg]
[spacingtech.com/html/mitho/mitho/img/testi/home1-test-3.png]
[spacingtech.com/html/mitho/mitho/img/testi/home1-test-1.png]
[spacingtech.com/html/mitho/mitho/img/testi/home1-test-2.png]
[spacingtech.com/html/mitho/mitho/img/testi/home1-test-4.png]
[spacingtech.com/html/mitho/mitho/img/blog/home1-blog1.jpg]
[spacingtech.com/html/mitho/mitho/img/blog/home1-blog2.jpg]
[spacingtech.com/html/mitho/mitho/img/blog/home1-blog3.jpg]
[spacingtech.com/html/mitho/mitho/img/blog/home1-blog4.jpg]
[spacingtech.com/html/mitho/mitho/img/blog/home1-blog5.jpg]
[spacingtech.com/html/mitho/mitho/img/blog/home1-blog6.jpg]
[spacingtech.com/html/mitho/mitho/img/blog/home1-blog7.jpg]
[spacingtech.com/html/mitho/mitho/img/blog/home1-blog8.jpg]
[spacingtech.com/html/mitho/mitho/img/brand-logo/home1-brand-logo1.png]
[spacingtech.com/html/mitho/mitho/img/brand-logo/home1-brand-logo2.png]
[spacingtech.com/html/mitho/mitho/img/brand-logo/home1-brand-logo3.png]
[spacingtech.com/html/mitho/mitho/img/brand-logo/home1-brand-logo4.png]
[spacingtech.com/html/mitho/mitho/img/brand-logo/home1-brand-logo5.png]
[spacingtech.com/html/mitho/mitho/img/brand-logo/home1-brand-logo6.png]
[spacingtech.com/html/mitho/mitho/index.html]
[spacingtech.com/html/mitho/mitho/img/logo/logo2.png]
[spacingtech.com/html/mitho/mitho/img/menu/home2-shopbanner-1.jpg]
[spacingtech.com/html/mitho/mitho/img/menu/home2-shopbanner-2.jpg]
[spacingtech.com/html/mitho/mitho/img/menu/home2-pro-banner1.jpg]
[spacingtech.com/html/mitho/mitho/img/menu/home2-pro-banner2.jpg]
[spacingtech.com/html/mitho/mitho/img/menu/home2-pro-banner3.jpg]
[spacingtech.com/html/mitho/mitho/img/menu/home2-pro-banner4.jpg]
[spacingtech.com/html/mitho/mitho/img/menu/home2-pro-banner5.jpg]
[spacingtech.com/html/mitho/mitho/img/menu/home2-pro-banner6.jpg]
[spacingtech.com/html/mitho/mitho/img/menu/home2-pro-banner7.jpg]
[spacingtech.com/html/mitho/mitho/img/menu/home2-pro-banner8.jpg]
[spacingtech.com/html/mitho/mitho/img/menu/home2-collection1.jpg]
[spacingtech.com/html/mitho/mitho/img/menu/home2-collection2.jpg]
[spacingtech.com/html/mitho/mitho/img/menu/home2-collection3.jpg]
[spacingtech.com/html/mitho/mitho/img/menu/home2-blog-banner.jpg]
[spacingtech.com/html/mitho/mitho/img/slider/home2-slider1.jpg]
[spacingtech.com/html/mitho/mitho/img/slider/home2-mobslider1.jpg]
[spacingtech.com/html/mitho/mitho/img/slider/home2-slider2.jpg]
[spacingtech.com/html/mitho/mitho/img/slider/home2-mobslider2.jpg]
[spacingtech.com/html/mitho/mitho/img/slider/home2-slider3.jpg]
[spacingtech.com/html/mitho/mitho/img/slider/home2-mobslider3.jpg]
[spacingtech.com/html/mitho/mitho/img/banner/home2-banner-1.jpg]
[spacingtech.com/html/mitho/mitho/img/banner/home2-banner-2.jpg]
[spacingtech.com/html/mitho/mitho/img/product/home2-p1.jpg]
[spacingtech.com/html/mitho/mitho/img/product/home2-p2.jpg]
[spacingtech.com/html/mitho/mitho/img/product/home2-p3.jpg]
[spacingtech.com/html/mitho/mitho/img/product/home2-p4.jpg]
[spacingtech.com/html/mitho/mitho/img/product/home2-p5.jpg]
[spacingtech.com/html/mitho/mitho/img/product/home2-p6.jpg]
[spacingtech.com/html/mitho/mitho/img/product/home2-p7.jpg]
[spacingtech.com/html/mitho/mitho/img/product/home2-p8.jpg]
[spacingtech.com/html/mitho/mitho/img/product/home2-p9.jpg]
[spacingtech.com/html/mitho/mitho/img/product/home2-p10.jpg]
[spacingtech.com/html/mitho/mitho/img/product/home2-p11.jpg]
[spacingtech.com/html/mitho/mitho/img/product/home2-p12.jpg]
[spacingtech.com/html/mitho/mitho/img/product/home2-p15.jpg]
[spacingtech.com/html/mitho/mitho/img/product/home2-p16.jpg]
[spacingtech.com/html/mitho/mitho/img/product/home2-p17.jpg]
[spacingtech.com/html/mitho/mitho/img/product/home2-p18.jpg]
[spacingtech.com/html/mitho/mitho/img/video/home2-banner-video.jpg]
[spacingtech.com/html/mitho/mitho/img/testi/home2-testi-bg.jpg]
[spacingtech.com/html/mitho/mitho/img/testi/testi-img1.jpg]
[spacingtech.com/html/mitho/mitho/img/testi/testi-img2.jpg]
[spacingtech.com/html/mitho/mitho/img/testi/testi-img3.jpg]
[spacingtech.com/html/mitho/mitho/img/testi/testi-img4.jpg]
[spacingtech.com/html/mitho/mitho/img/blog/home2-blog1.jpg]
[spacingtech.com/html/mitho/mitho/img/blog/home2-blog2.jpg]
[spacingtech.com/html/mitho/mitho/img/blog/home2-blog3.jpg]
[spacingtech.com/html/mitho/mitho/img/blog/home2-blog4.jpg]
[spacingtech.com/html/mitho/mitho/img/blog/home2-blog5.jpg]
[spacingtech.com/html/mitho/mitho/img/blog/home2-blog6.jpg]
[spacingtech.com/html/mitho/mitho/img/blog/home2-blog7.jpg]
[spacingtech.com/html/mitho/mitho/img/blog/home2-blog8.jpg]
[spacingtech.com/html/mitho/mitho/img/cart/home2-cart-1.jpg]
[spacingtech.com/html/mitho/mitho/img/cart/home2-cart-2.jpg]
[spacingtech.com/html/mitho/mitho/img/cart/home2-cart-3.jpg]
[spacingtech.com/html/mitho/mitho/img/cart/home2-cart-4.jpg]
[spacingtech.com/html/mitho/mitho/index-2.html]
[spacingtech.com/html/mitho/mitho/img/popup/home4-popup1.jpg]
[spacingtech.com/html/mitho/mitho/img/logo/logo4.png]
[spacingtech.com/html/mitho/mitho/img/menu/home4-shopbanner-1.jpg]
[spacingtech.com/html/mitho/mitho/img/menu/home4-shopbanner-2.jpg]
[spacingtech.com/html/mitho/mitho/img/menu/home4-pro-banner1.png]
[spacingtech.com/html/mitho/mitho/img/menu/home4-pro-banner2.png]
[spacingtech.com/html/mitho/mitho/img/menu/home4-pro-banner3.png]
[spacingtech.com/html/mitho/mitho/img/menu/home4-pro-banner4.png]
[spacingtech.com/html/mitho/mitho/img/menu/home4-pro-banner5.png]
[spacingtech.com/html/mitho/mitho/img/menu/home4-pro-banner6.png]
[spacingtech.com/html/mitho/mitho/img/menu/home4-pro-banner7.png]
[spacingtech.com/html/mitho/mitho/img/menu/home4-pro-banner8.png]
[spacingtech.com/html/mitho/mitho/img/menu/home4-collection1.jpg]
[spacingtech.com/html/mitho/mitho/img/menu/home4-collection2.jpg]
[spacingtech.com/html/mitho/mitho/img/menu/home4-collection3.jpg]
[spacingtech.com/html/mitho/mitho/img/menu/home4-blog-banner.jpg]
[spacingtech.com/html/mitho/mitho/img/slider/home4-slider1.jpg]
[spacingtech.com/html/mitho/mitho/img/slider/home4-slider2.jpg]
[spacingtech.com/html/mitho/mitho/img/slider/home4-slider3.jpg]
[spacingtech.com/html/mitho/mitho/img/banner/home4-banner1.jpg]
[spacingtech.com/html/mitho/mitho/img/banner/home4-banner2.jpg]
[spacingtech.com/html/mitho/mitho/img/banner/home4-banner3.jpg]
[spacingtech.com/html/mitho/mitho/img/product/home4-p1.jpg]
[spacingtech.com/html/mitho/mitho/img/product/home4-p2.jpg]
[spacingtech.com/html/mitho/mitho/img/product/home4-p3.jpg]
[spacingtech.com/html/mitho/mitho/img/product/home4-p4.jpg]
[spacingtech.com/html/mitho/mitho/img/product/home4-p5.jpg]
[spacingtech.com/html/mitho/mitho/img/product/home4-p6.jpg]
[spacingtech.com/html/mitho/mitho/img/product/home4-p7.jpg]
[spacingtech.com/html/mitho/mitho/img/product/home4-p8.jpg]
[spacingtech.com/html/mitho/mitho/img/product/home4-p9.jpg]
[spacingtech.com/html/mitho/mitho/img/product/home4-p10.jpg]
[spacingtech.com/html/mitho/mitho/img/product/home4-p11.jpg]
[spacingtech.com/html/mitho/mitho/img/product/home4-p12.jpg]
[spacingtech.com/html/mitho/mitho/img/product/home4-p13.jpg]
[spacingtech.com/html/mitho/mitho/img/product/home4-p14.jpg]
[spacingtech.com/html/mitho/mitho/img/deal-banner/home4-deal-banner.jpg]
[spacingtech.com/html/mitho/mitho/img/blog/home4-blog1.jpg]
[spacingtech.com/html/mitho/mitho/img/blog/home4-blog2.jpg]
[spacingtech.com/html/mitho/mitho/img/blog/home4-blog3.jpg]
[spacingtech.com/html/mitho/mitho/img/blog/home4-blog4.jpg]
[spacingtech.com/html/mitho/mitho/img/blog/home4-blog5.jpg]
[spacingtech.com/html/mitho/mitho/img/blog/home4-blog6.jpg]
[spacingtech.com/html/mitho/mitho/img/blog/home4-blog7.jpg]
[spacingtech.com/html/mitho/mitho/img/blog/home4-blog8.jpg]
[spacingtech.com/html/mitho/mitho/img/cart/home4-cart-1.jpg]
[spacingtech.com/html/mitho/mitho/img/cart/home4-cart-2.jpg]
[spacingtech.com/html/mitho/mitho/img/cart/home4-cart-3.jpg]
[spacingtech.com/html/mitho/mitho/img/cart/home4-cart-4.jpg]
[spacingtech.com/html/mitho/mitho/index-4.html]
[spacingtech.com/html/mitho/mitho/img/popup/home5-popup.jpg]
[spacingtech.com/html/mitho/mitho/img/logo/logo5.png]
[spacingtech.com/html/mitho/mitho/img/menu/home5-shopbanner-1.jpg]
[spacingtech.com/html/mitho/mitho/img/menu/home5-shopbanner-2.jpg]
[spacingtech.com/html/mitho/mitho/img/menu/home5-pro-banner1.jpg]
[spacingtech.com/html/mitho/mitho/img/menu/home5-pro-banner2.jpg]
[spacingtech.com/html/mitho/mitho/img/menu/home5-pro-banner3.jpg]
[spacingtech.com/html/mitho/mitho/img/menu/home5-pro-banner4.jpg]
[spacingtech.com/html/mitho/mitho/img/menu/home5-pro-banner5.jpg]
[spacingtech.com/html/mitho/mitho/img/menu/home5-pro-banner6.jpg]
[spacingtech.com/html/mitho/mitho/img/menu/home5-pro-banner7.jpg]
[spacingtech.com/html/mitho/mitho/img/menu/home5-pro-banner8.jpg]
[spacingtech.com/html/mitho/mitho/img/menu/home5-collection1.jpg]
[spacingtech.com/html/mitho/mitho/img/menu/home5-collection2.jpg]
[spacingtech.com/html/mitho/mitho/img/menu/home5-collection3.jpg]
[spacingtech.com/html/mitho/mitho/img/menu/home5-blog.jpg]
[spacingtech.com/html/mitho/mitho/img/slider/home5-slide-bg.png]
[spacingtech.com/html/mitho/mitho/img/slider/home5-slider1.png]
[spacingtech.com/html/mitho/mitho/img/slider/home5-slider2.png]
[spacingtech.com/html/mitho/mitho/img/slider/home5-slider3.png]
[spacingtech.com/html/mitho/mitho/img/banner/home5-banner1.jpg]
[spacingtech.com/html/mitho/mitho/img/banner/home5-banner2.jpg]
[spacingtech.com/html/mitho/mitho/img/product/home5-p21.jpg]
[spacingtech.com/html/mitho/mitho/img/product/home5-p22.jpg]
[spacingtech.com/html/mitho/mitho/img/product/home5-p7.jpg]
[spacingtech.com/html/mitho/mitho/img/product/home5-p8.jpg]
[spacingtech.com/html/mitho/mitho/img/product/home5-p15.jpg]
[spacingtech.com/html/mitho/mitho/img/product/home5-p16.jpg]
[spacingtech.com/html/mitho/mitho/img/product/home5-p5.jpg]
[spacingtech.com/html/mitho/mitho/img/product/home5-p6.jpg]
[spacingtech.com/html/mitho/mitho/img/product/home5-p10.jpg]
[spacingtech.com/html/mitho/mitho/img/product/home5-p9.jpg]
[spacingtech.com/html/mitho/mitho/img/product/home5-p20.jpg]
[spacingtech.com/html/mitho/mitho/img/product/home5-p25.jpg]
[spacingtech.com/html/mitho/mitho/img/product/home5-p11.jpg]
[spacingtech.com/html/mitho/mitho/img/product/home5-p12.jpg]
[spacingtech.com/html/mitho/mitho/img/product/home5-p1.jpg]
[spacingtech.com/html/mitho/mitho/img/product/home5-p2.jpg]
[spacingtech.com/html/mitho/mitho/img/product/home5-p13.jpg]
[spacingtech.com/html/mitho/mitho/img/product/home5-p14.jpg]
[spacingtech.com/html/mitho/mitho/img/product/home5-p17.jpg]
[spacingtech.com/html/mitho/mitho/img/product/home5-p18.jpg]
[spacingtech.com/html/mitho/mitho/img/product/home5-p3.jpg]
[spacingtech.com/html/mitho/mitho/img/product/home5-p4.jpg]
[spacingtech.com/html/mitho/mitho/img/product/home5-p23.jpg]
[spacingtech.com/html/mitho/mitho/img/product/home5-p24.jpg]
[spacingtech.com/html/mitho/mitho/img/testi/testi-img.jpg]
[spacingtech.com/html/mitho/mitho/img/testi/testi-1.jpg]
[spacingtech.com/html/mitho/mitho/img/testi/testi-2.jpg]
[spacingtech.com/html/mitho/mitho/img/testi/testi-3.jpg]
[spacingtech.com/html/mitho/mitho/img/blog/home5-blog1.jpg]
[spacingtech.com/html/mitho/mitho/img/blog/home5-blog2.jpg]
[spacingtech.com/html/mitho/mitho/img/blog/home5-blog3.jpg]
[spacingtech.com/html/mitho/mitho/img/blog/home5-blog4.jpg]
[spacingtech.com/html/mitho/mitho/img/blog/home5-blog5.jpg]
[spacingtech.com/html/mitho/mitho/img/blog/home5-blog6.jpg]
[spacingtech.com/html/mitho/mitho/img/blog/home5-blog7.jpg]
[spacingtech.com/html/mitho/mitho/img/blog/home5-blog8.jpg]
[spacingtech.com/html/mitho/mitho/img/custom/home5-banner.png]
[spacingtech.com/html/mitho/mitho/img/brand-logo/home5-logo1.png]
[spacingtech.com/html/mitho/mitho/img/brand-logo/home5-logo2.png]
[spacingtech.com/html/mitho/mitho/img/brand-logo/home5-logo3.png]
[spacingtech.com/html/mitho/mitho/img/brand-logo/home5-logo4.png]
[spacingtech.com/html/mitho/mitho/img/brand-logo/home5-logo5.png]
[spacingtech.com/html/mitho/mitho/img/brand-logo/home5-logo6.png]
[spacingtech.com/html/mitho/mitho/img/cart/home5-cart-1.jpg]
[spacingtech.com/html/mitho/mitho/img/cart/home5-cart-2.jpg]
[spacingtech.com/html/mitho/mitho/img/cart/home5-cart-3.jpg]
[spacingtech.com/html/mitho/mitho/img/cart/home5-cart-4.jpg]
[spacingtech.com/html/mitho/mitho/index-5.html]
[spacingtech.com/html/mitho/mitho/img/logo/logo6.png]
[spacingtech.com/html/mitho/mitho/img/menu/home6-shopbanner-1.jpg]
[spacingtech.com/html/mitho/mitho/img/menu/home6-shopbanner-2.jpg]
[spacingtech.com/html/mitho/mitho/img/menu/home6-pro-banner1.jpg]
[spacingtech.com/html/mitho/mitho/img/menu/home6-pro-banner2.jpg]
[spacingtech.com/html/mitho/mitho/img/menu/home6-pro-banner3.jpg]
[spacingtech.com/html/mitho/mitho/img/menu/home6-pro-banner4.jpg]
[spacingtech.com/html/mitho/mitho/img/menu/home6-pro-banner5.jpg]
[spacingtech.com/html/mitho/mitho/img/menu/home6-pro-banner6.jpg]
[spacingtech.com/html/mitho/mitho/img/menu/home6-pro-banner7.jpg]
[spacingtech.com/html/mitho/mitho/img/menu/home6-pro-banner8.jpg]
[spacingtech.com/html/mitho/mitho/img/menu/home6-collection1.jpg]
[spacingtech.com/html/mitho/mitho/img/menu/home6-collection2.jpg]
[spacingtech.com/html/mitho/mitho/img/menu/home6-collection3.jpg]
[spacingtech.com/html/mitho/mitho/img/menu/home6-blog.jpg]
[spacingtech.com/html/mitho/mitho/img/slider/home6-sliderbg1.jpg]
[spacingtech.com/html/mitho/mitho/img/slider/home6-slider1.png]
[spacingtech.com/html/mitho/mitho/img/slider/home6-sliderbg2.jpg]
[spacingtech.com/html/mitho/mitho/img/slider/home6-slider2.png]
[spacingtech.com/html/mitho/mitho/img/slider/home6-slider3.png]
[spacingtech.com/html/mitho/mitho/img/cat/home6-cat1.png]
[spacingtech.com/html/mitho/mitho/img/cat/home6-cat2.png]
[spacingtech.com/html/mitho/mitho/img/cat/home6-cat3.png]
[spacingtech.com/html/mitho/mitho/img/cat/home6-cat4.png]
[spacingtech.com/html/mitho/mitho/img/cat/home6-cat5.png]
[spacingtech.com/html/mitho/mitho/img/cat/home6-cat6.png]
[spacingtech.com/html/mitho/mitho/img/cat/home6-cat7.png]
[spacingtech.com/html/mitho/mitho/img/cat/home6-cat8.png]
[spacingtech.com/html/mitho/mitho/img/product/home6-p1.jpg]
[spacingtech.com/html/mitho/mitho/img/product/home6-p2.jpg]
[spacingtech.com/html/mitho/mitho/img/product/home6-p46.jpg]
[spacingtech.com/html/mitho/mitho/img/product/home6-p45.jpg]
[spacingtech.com/html/mitho/mitho/img/product/home6-p7.jpg]
[spacingtech.com/html/mitho/mitho/img/product/home6-p8.jpg]
[spacingtech.com/html/mitho/mitho/img/product/home6-p39.jpg]
[spacingtech.com/html/mitho/mitho/img/product/home6-p40.jpg]
[spacingtech.com/html/mitho/mitho/img/product/home6-p41.jpg]
[spacingtech.com/html/mitho/mitho/img/product/home6-p42.jpg]
[spacingtech.com/html/mitho/mitho/img/product/home6-p43.jpg]
[spacingtech.com/html/mitho/mitho/img/product/home6-p44.jpg]
[spacingtech.com/html/mitho/mitho/img/product/home6-p3.jpg]
[spacingtech.com/html/mitho/mitho/img/product/home6-p4.jpg]
[spacingtech.com/html/mitho/mitho/img/product/home6-p33.jpg]
[spacingtech.com/html/mitho/mitho/img/product/home6-p34.jpg]
[spacingtech.com/html/mitho/mitho/img/product/home6-p23.jpg]
[spacingtech.com/html/mitho/mitho/img/product/home6-p24.jpg]
[spacingtech.com/html/mitho/mitho/img/product/home6-p19.jpg]
[spacingtech.com/html/mitho/mitho/img/product/home6-p20.jpg]
[spacingtech.com/html/mitho/mitho/img/product/home6-p11.jpg]
[spacingtech.com/html/mitho/mitho/img/product/home6-p12.jpg]
[spacingtech.com/html/mitho/mitho/img/product/home6-p37.jpg]
[spacingtech.com/html/mitho/mitho/img/product/home6-p38.jpg]
[spacingtech.com/html/mitho/mitho/img/video/home6-banner1.jpg]
[spacingtech.com/html/mitho/mitho/img/video/home6-banner2.jpg]
[spacingtech.com/html/mitho/mitho/img/video/home6-banner3.jpg]
[spacingtech.com/html/mitho/mitho/img/product/home6-p35.jpg]
[spacingtech.com/html/mitho/mitho/img/product/home6-p36.jpg]
[spacingtech.com/html/mitho/mitho/img/product/home6-p31.jpg]
[spacingtech.com/html/mitho/mitho/img/product/home6-p32.jpg]
[spacingtech.com/html/mitho/mitho/img/product/home6-p9.jpg]
[spacingtech.com/html/mitho/mitho/img/product/home6-p10.jpg]
[spacingtech.com/html/mitho/mitho/img/product/home6-p5.jpg]
[spacingtech.com/html/mitho/mitho/img/product/home6-p6.jpg]
[spacingtech.com/html/mitho/mitho/img/product/home6-p29.jpg]
[spacingtech.com/html/mitho/mitho/img/product/home6-p30.jpg]
[spacingtech.com/html/mitho/mitho/img/product/home6-p17.jpg]
[spacingtech.com/html/mitho/mitho/img/product/home6-p18.jpg]
[spacingtech.com/html/mitho/mitho/img/product/home6-p27.jpg]
[spacingtech.com/html/mitho/mitho/img/product/home6-p28.jpg]
[spacingtech.com/html/mitho/mitho/img/testi/img-1.jpg]
[spacingtech.com/html/mitho/mitho/img/testi/img-2.jpg]
[spacingtech.com/html/mitho/mitho/img/testi/img-4.jpg]
[spacingtech.com/html/mitho/mitho/img/blog/home6-blog1.jpg]
[spacingtech.com/html/mitho/mitho/img/blog/home6-blog2.jpg]
[spacingtech.com/html/mitho/mitho/img/blog/home6-blog3.jpg]
[spacingtech.com/html/mitho/mitho/img/blog/home6-blog4.jpg]
[spacingtech.com/html/mitho/mitho/img/blog/home6-blog6.jpg]
[spacingtech.com/html/mitho/mitho/img/blog/home6-blog7.jpg]
[spacingtech.com/html/mitho/mitho/img/blog/home6-blog8.jpg]
[spacingtech.com/html/mitho/mitho/img/brand-logo/home6-logo1.png]
[spacingtech.com/html/mitho/mitho/img/brand-logo/home6-logo2.png]
[spacingtech.com/html/mitho/mitho/img/brand-logo/home6-logo3.png]
[spacingtech.com/html/mitho/mitho/img/brand-logo/home6-logo4.png]
[spacingtech.com/html/mitho/mitho/img/brand-logo/home6-logo5.png]
[spacingtech.com/html/mitho/mitho/img/brand-logo/home6-logo6.png]
[spacingtech.com/html/mitho/mitho/img/payment/pay-master.jpg]
[spacingtech.com/html/mitho/mitho/img/payment/pay-paypal.jpg]
[spacingtech.com/html/mitho/mitho/img/payment/pay-express.jpg]
[spacingtech.com/html/mitho/mitho/img/cart/home6-cart-1.jpg]
[spacingtech.com/html/mitho/mitho/img/cart/home6-cart-2.jpg]
[spacingtech.com/html/mitho/mitho/img/cart/home6-cart-3.jpg]
[spacingtech.com/html/mitho/mitho/img/cart/home6-cart-4.jpg]
[spacingtech.com/html/mitho/mitho/index-6.html]
[spacingtech.com/html/mitho/mitho/img/logo/logo7.png]
[spacingtech.com/html/mitho/mitho/img/menu/home7-shopbanner-1.jpg]
[spacingtech.com/html/mitho/mitho/img/menu/home7-shopbanner-2.jpg]
[spacingtech.com/html/mitho/mitho/img/menu/home7-pro-banner1.jpg]
[spacingtech.com/html/mitho/mitho/img/menu/home7-pro-banner2.jpg]
[spacingtech.com/html/mitho/mitho/img/menu/home7-pro-banner3.jpg]
[spacingtech.com/html/mitho/mitho/img/menu/home7-pro-banner4.jpg]
[spacingtech.com/html/mitho/mitho/img/menu/home7-pro-banner5.jpg]
[spacingtech.com/html/mitho/mitho/img/menu/home7-pro-banner6.jpg]
[spacingtech.com/html/mitho/mitho/img/menu/home7-pro-banner7.jpg]
[spacingtech.com/html/mitho/mitho/img/menu/home7-pro-banner8.jpg]
[spacingtech.com/html/mitho/mitho/img/menu/home7-collection1.jpg]
[spacingtech.com/html/mitho/mitho/img/menu/home7-collection2.jpg]
[spacingtech.com/html/mitho/mitho/img/menu/home7-collection3.jpg]
[spacingtech.com/html/mitho/mitho/img/menu/home7-blog.jpg]
[spacingtech.com/html/mitho/mitho/img/slider/home7-slider1.jpg]
[spacingtech.com/html/mitho/mitho/img/slider/home7-mobslider-1.jpg]
[spacingtech.com/html/mitho/mitho/img/slider/home7-slider2.jpg]
[spacingtech.com/html/mitho/mitho/img/slider/home7-mobslider-2.jpg]
[spacingtech.com/html/mitho/mitho/img/slider/home7-slider3.jpg]
[spacingtech.com/html/mitho/mitho/img/slider/home7-mobslider-3.jpg]
[spacingtech.com/html/mitho/mitho/img/banner/home7-small-banner1.jpg]
[spacingtech.com/html/mitho/mitho/img/banner/home7-small-banner2.jpg]
[spacingtech.com/html/mitho/mitho/img/banner/home7-bigbanner1.jpg]
[spacingtech.com/html/mitho/mitho/img/banner/home7-bigbanner2.jpg]
[spacingtech.com/html/mitho/mitho/img/cat/home7-cat1.png]
[spacingtech.com/html/mitho/mitho/img/cat/home7-cat2.png]
[spacingtech.com/html/mitho/mitho/img/cat/home7-cat3.png]
[spacingtech.com/html/mitho/mitho/img/cat/home7-cat4.png]
[spacingtech.com/html/mitho/mitho/img/cat/home7-cat5.png]
[spacingtech.com/html/mitho/mitho/img/cat/home7-cat6.png]
[spacingtech.com/html/mitho/mitho/img/cat/home7-cat7.png]
[spacingtech.com/html/mitho/mitho/img/cat/home7-cat8.png]
[spacingtech.com/html/mitho/mitho/img/product/home7-p1.jpg]
[spacingtech.com/html/mitho/mitho/img/product/home7-p2.jpg]
[spacingtech.com/html/mitho/mitho/img/product/home7-p21.jpg]
[spacingtech.com/html/mitho/mitho/img/product/home7-p22.jpg]
[spacingtech.com/html/mitho/mitho/img/product/home7-p7.jpg]
[spacingtech.com/html/mitho/mitho/img/product/home7-p8.jpg]
[spacingtech.com/html/mitho/mitho/img/product/home7-p9.jpg]
[spacingtech.com/html/mitho/mitho/img/product/home7-p10.jpg]
[spacingtech.com/html/mitho/mitho/img/product/home7-p27.jpg]
[spacingtech.com/html/mitho/mitho/img/product/home7-p28.jpg]
[spacingtech.com/html/mitho/mitho/img/product/home7-p23.jpg]
[spacingtech.com/html/mitho/mitho/img/product/home7-p24.jpg]
[spacingtech.com/html/mitho/mitho/img/product/home7-p13.jpg]
[spacingtech.com/html/mitho/mitho/img/product/home7-p14.jpg]
[spacingtech.com/html/mitho/mitho/img/product/home7-p25.jpg]
[spacingtech.com/html/mitho/mitho/img/product/home7-p26.jpg]
[spacingtech.com/html/mitho/mitho/img/product/home7-p29.jpg]
[spacingtech.com/html/mitho/mitho/img/product/home7-p20.jpg]
[spacingtech.com/html/mitho/mitho/img/deal-banner/home7-deal-img.png]
[spacingtech.com/html/mitho/mitho/img/payment/visa.jpg]
[spacingtech.com/html/mitho/mitho/img/payment/maestro.jpg]
[spacingtech.com/html/mitho/mitho/img/payment/google.jpg]
[spacingtech.com/html/mitho/mitho/img/cart/home7-cart-1.jpg]
[spacingtech.com/html/mitho/mitho/img/cart/home7-cart-2.jpg]
[spacingtech.com/html/mitho/mitho/img/cart/home7-cart-3.jpg]
[spacingtech.com/html/mitho/mitho/img/cart/home7-cart-4.jpg]
[spacingtech.com/html/mitho/mitho/img/product/home7-p3.jpg]
[spacingtech.com/html/mitho/mitho/img/product/home7-p4.jpg]
[spacingtech.com/html/mitho/mitho/index-7.html]
[spacingtech.com/html/mitho/mitho/img/product/home7-p5.jpg]
[spacingtech.com/html/mitho/mitho/img/logo/logo8.png]
[spacingtech.com/html/mitho/mitho/img/menu/home8-shopbanner-1.jpg]
[spacingtech.com/html/mitho/mitho/img/menu/home8-shopbanner-2.jpg]
[spacingtech.com/html/mitho/mitho/img/menu/home8-pro-banner1.jpg]
[spacingtech.com/html/mitho/mitho/img/menu/home8-pro-banner3.jpg]
[spacingtech.com/html/mitho/mitho/img/menu/home8-pro-banner4.jpg]
[spacingtech.com/html/mitho/mitho/img/menu/home8-pro-banner5.jpg]
[spacingtech.com/html/mitho/mitho/img/menu/home8-pro-banner6.jpg]
[spacingtech.com/html/mitho/mitho/img/menu/home8-pro-banner7.jpg]
[spacingtech.com/html/mitho/mitho/img/menu/home8-pro-banner8.jpg]
[spacingtech.com/html/mitho/mitho/img/menu/home8-collection1.jpg]
[spacingtech.com/html/mitho/mitho/img/menu/home8-collection2.jpg]
[spacingtech.com/html/mitho/mitho/img/menu/home8-collection3.jpg]
[spacingtech.com/html/mitho/mitho/img/menu/home8-pro-banner2.jpg]
[spacingtech.com/html/mitho/mitho/img/menu/home8-blog.jpg]
[spacingtech.com/html/mitho/mitho/img/slider/home8-slider1.jpg]
[spacingtech.com/html/mitho/mitho/img/slider/home8-mobslider1.jpg]
[spacingtech.com/html/mitho/mitho/img/slider/home8-slider2.jpg]
[spacingtech.com/html/mitho/mitho/img/slider/home8-mobslider2.jpg]
[spacingtech.com/html/mitho/mitho/img/slider/home8-slider3.jpg]
[spacingtech.com/html/mitho/mitho/img/banner/home8-banner1.png]
[spacingtech.com/html/mitho/mitho/img/service/home8-service.png]
[spacingtech.com/html/mitho/mitho/img/cat/home8-cat2.png]
[spacingtech.com/html/mitho/mitho/img/cat/home8-cat3.png]
[spacingtech.com/html/mitho/mitho/img/cat/home8-cat4.png]
[spacingtech.com/html/mitho/mitho/img/cat/home8-cat1.png]
[spacingtech.com/html/mitho/mitho/img/cat/home8-cat5.png]
[spacingtech.com/html/mitho/mitho/img/cat/home8-cat6.png]
[spacingtech.com/html/mitho/mitho/img/product/home8-p13.jpg]
[spacingtech.com/html/mitho/mitho/img/product/home8-p14.jpg]
[spacingtech.com/html/mitho/mitho/img/product/home8-p5.jpg]
[spacingtech.com/html/mitho/mitho/img/product/home8-p6.jpg]
[spacingtech.com/html/mitho/mitho/img/product/home8-p3.jpg]
[spacingtech.com/html/mitho/mitho/img/product/home8-p1.jpg]
[spacingtech.com/html/mitho/mitho/img/product/home8-p11.jpg]
[spacingtech.com/html/mitho/mitho/img/product/home8-p8.jpg]
[spacingtech.com/html/mitho/mitho/img/product/home8-p9.jpg]
[spacingtech.com/html/mitho/mitho/img/product/home8-p7.jpg]
[spacingtech.com/html/mitho/mitho/img/custom/home8-custom-img.png]
[spacingtech.com/html/mitho/mitho/img/deal-banner/home8-deal-img.png]
[spacingtech.com/html/mitho/mitho/img/cart/home8-cart-1.jpg]
[spacingtech.com/html/mitho/mitho/img/cart/home8-cart-2.jpg]
[spacingtech.com/html/mitho/mitho/img/cart/home8-cart-3.jpg]
[spacingtech.com/html/mitho/mitho/img/cart/home8-cart-4.jpg]
[spacingtech.com/html/mitho/mitho/img/product/home8-p2.jpg]
[spacingtech.com/html/mitho/mitho/img/product/home8-p4.jpg]
[spacingtech.com/html/mitho/mitho/index-8.html]
[spacingtech.com/html/mitho/mitho/img/logo/logo9.png]
[spacingtech.com/html/mitho/mitho/img/menu/home9-shopbanner-1.jpg]
[spacingtech.com/html/mitho/mitho/img/menu/home9-shopbanner-2.jpg]
[spacingtech.com/html/mitho/mitho/img/menu/home9-pro-banner1.jpg]
[spacingtech.com/html/mitho/mitho/img/menu/home9-pro-banner2.jpg]
[spacingtech.com/html/mitho/mitho/img/menu/home9-pro-banner3.jpg]
[spacingtech.com/html/mitho/mitho/img/menu/home9-pro-banner4.jpg]
[spacingtech.com/html/mitho/mitho/img/menu/home9-pro-banner5.jpg]
[spacingtech.com/html/mitho/mitho/img/menu/home9-pro-banner6.jpg]
[spacingtech.com/html/mitho/mitho/img/menu/home9-pro-banner7.jpg]
[spacingtech.com/html/mitho/mitho/img/menu/home9-pro-banner8.jpg]
[spacingtech.com/html/mitho/mitho/img/menu/home9-collection1.jpg]
[spacingtech.com/html/mitho/mitho/img/menu/home9-collection2.jpg]
[spacingtech.com/html/mitho/mitho/img/menu/home9-collection3.jpg]
[spacingtech.com/html/mitho/mitho/img/menu/home9-blog.jpg]
[spacingtech.com/html/mitho/mitho/img/slider/home9-slider1.jpg]
[spacingtech.com/html/mitho/mitho/img/slider/home9-mobslider1.jpg]
[spacingtech.com/html/mitho/mitho/img/slider/home9-slider2.jpg]
[spacingtech.com/html/mitho/mitho/img/slider/home9-mobslider2.jpg]
[spacingtech.com/html/mitho/mitho/img/slider/home9-slider3.jpg]
[spacingtech.com/html/mitho/mitho/img/slider/home9-mobslider3.jpg]
[spacingtech.com/html/mitho/mitho/img/banner/home9-banner1.jpg]
[spacingtech.com/html/mitho/mitho/img/banner/home9-banner2.jpg]
[spacingtech.com/html/mitho/mitho/img/banner/home9-banner3.jpg]
[spacingtech.com/html/mitho/mitho/img/banner/home9-banner4.jpg]
[spacingtech.com/html/mitho/mitho/img/banner/home9-banner5.jpg]
[spacingtech.com/html/mitho/mitho/img/product/home9-p10.jpg]
[spacingtech.com/html/mitho/mitho/img/product/home9-p9.jpg]
[spacingtech.com/html/mitho/mitho/img/product/home9-p11.jpg]
[spacingtech.com/html/mitho/mitho/img/product/home9-p12.jpg]
[spacingtech.com/html/mitho/mitho/img/product/home9-p1.jpg]
[spacingtech.com/html/mitho/mitho/img/product/home9-p2.jpg]
[spacingtech.com/html/mitho/mitho/img/product/home9-p3.jpg]
[spacingtech.com/html/mitho/mitho/img/product/home9-p4.jpg]
[spacingtech.com/html/mitho/mitho/img/product/home9-p5.jpg]
[spacingtech.com/html/mitho/mitho/img/product/home9-p6.jpg]
[spacingtech.com/html/mitho/mitho/img/video/home9-video.jpg]
[spacingtech.com/html/mitho/mitho/img/product/home9-p13.jpg]
[spacingtech.com/html/mitho/mitho/img/product/home9-p14.jpg]
[spacingtech.com/html/mitho/mitho/img/product/home9-p15.jpg]
[spacingtech.com/html/mitho/mitho/img/product/home9-p16.jpg]
[spacingtech.com/html/mitho/mitho/img/product/home9-p17.jpg]
[spacingtech.com/html/mitho/mitho/img/product/home9-p18.jpg]
[spacingtech.com/html/mitho/mitho/img/blog/home9-blog1.jpg]
[spacingtech.com/html/mitho/mitho/img/blog/home9-blog2.jpg]
[spacingtech.com/html/mitho/mitho/img/blog/home9-blog3.jpg]
[spacingtech.com/html/mitho/mitho/img/blog/home9-blog4.jpg]
[spacingtech.com/html/mitho/mitho/img/blog/home9-blog5.jpg]
[spacingtech.com/html/mitho/mitho/img/footer/home9-footer-bgimg.jpg]
[spacingtech.com/html/mitho/mitho/img/cart/home9-cart-1.jpg]
[spacingtech.com/html/mitho/mitho/img/cart/home9-cart-2.jpg]
[spacingtech.com/html/mitho/mitho/img/cart/home9-cart-3.jpg]
[spacingtech.com/html/mitho/mitho/img/cart/home9-cart-4.jpg]
[spacingtech.com/html/mitho/mitho/index-9.html]
[spacingtech.com/html/mitho/mitho/img/logo/logo10.png]
[spacingtech.com/html/mitho/mitho/img/menu/home10-shopbanner-1.jpg]
[spacingtech.com/html/mitho/mitho/img/menu/home10-shopbanner-2.jpg]
[spacingtech.com/html/mitho/mitho/img/menu/home10-pro-banner1.jpg]
[spacingtech.com/html/mitho/mitho/img/menu/home10-pro-banner2.jpg]
[spacingtech.com/html/mitho/mitho/img/menu/home10-pro-banner3.jpg]
[spacingtech.com/html/mitho/mitho/img/menu/home10-pro-banner4.jpg]
[spacingtech.com/html/mitho/mitho/img/menu/home10-pro-banner5.jpg]
[spacingtech.com/html/mitho/mitho/img/menu/home10-pro-banner6.jpg]
[spacingtech.com/html/mitho/mitho/img/menu/home10-pro-banner7.jpg]
[spacingtech.com/html/mitho/mitho/img/menu/home10-pro-banner8.jpg]
[spacingtech.com/html/mitho/mitho/img/menu/home10-collection1.jpg]
[spacingtech.com/html/mitho/mitho/img/menu/home10-collection2.jpg]
[spacingtech.com/html/mitho/mitho/img/menu/home10-collection3.jpg]
[spacingtech.com/html/mitho/mitho/img/menu/home10-blog.jpg]
[spacingtech.com/html/mitho/mitho/img/slider/home10-slider1.jpg]
[spacingtech.com/html/mitho/mitho/img/slider/home10-mobslider1.jpg]
[spacingtech.com/html/mitho/mitho/img/slider/home10-slider2.jpg]
[spacingtech.com/html/mitho/mitho/img/slider/home10-mobslider2.jpg]
[spacingtech.com/html/mitho/mitho/img/slider/home10-slider3.jpg]
[spacingtech.com/html/mitho/mitho/img/slider/home10-mobslider3.jpg]
[spacingtech.com/html/mitho/mitho/img/cat/home10-cat1.jpg]
[spacingtech.com/html/mitho/mitho/img/cat/home10-cat2.jpg]
[spacingtech.com/html/mitho/mitho/img/cat/home10-cat3.jpg]
[spacingtech.com/html/mitho/mitho/img/product/home10-p11.jpg]
[spacingtech.com/html/mitho/mitho/img/product/home10-p12.jpg]
[spacingtech.com/html/mitho/mitho/img/product/home10-p1.jpg]
[spacingtech.com/html/mitho/mitho/img/product/home10-p2.jpg]
[spacingtech.com/html/mitho/mitho/img/product/home10-p3.jpg]
[spacingtech.com/html/mitho/mitho/img/product/home10-p4.jpg]
[spacingtech.com/html/mitho/mitho/img/product/home10-p5.jpg]
[spacingtech.com/html/mitho/mitho/img/product/home10-p6.jpg]
[spacingtech.com/html/mitho/mitho/img/product/home10-p7.jpg]
[spacingtech.com/html/mitho/mitho/img/product/home10-p8.jpg]
[spacingtech.com/html/mitho/mitho/img/video/home10-video.jpg]
[spacingtech.com/html/mitho/mitho/img/deal-banner/home10-deal.jpg]
[spacingtech.com/html/mitho/mitho/img/blog/home10-blog1.jpg]
[spacingtech.com/html/mitho/mitho/img/blog/home10-blog2.jpg]
[spacingtech.com/html/mitho/mitho/img/blog/home10-blog3.jpg]
[spacingtech.com/html/mitho/mitho/img/blog/home10-blog4.jpg]
[spacingtech.com/html/mitho/mitho/img/blog/home10-blog5.jpg]
[spacingtech.com/html/mitho/mitho/img/blog/home10-blog6.jpg]
[spacingtech.com/html/mitho/mitho/img/blog/home10-blog7.jpg]
[spacingtech.com/html/mitho/mitho/img/blog/home10-blog8.jpg]
[spacingtech.com/html/mitho/mitho/img/brand-logo/home10-logo1.png]
[spacingtech.com/html/mitho/mitho/img/brand-logo/home10-logo2.png]
[spacingtech.com/html/mitho/mitho/img/brand-logo/home10-logo3.png]
[spacingtech.com/html/mitho/mitho/img/brand-logo/home10-logo4.png]
[spacingtech.com/html/mitho/mitho/img/brand-logo/home10-logo5.png]
[spacingtech.com/html/mitho/mitho/img/brand-logo/home10-logo6.png]
[spacingtech.com/html/mitho/mitho/img/cart/home10-cart-1.jpg]
[spacingtech.com/html/mitho/mitho/img/cart/home10-cart-2.jpg]
[spacingtech.com/html/mitho/mitho/img/cart/home10-cart-3.jpg]
[spacingtech.com/html/mitho/mitho/img/cart/home10-cart-4.jpg]
[spacingtech.com/html/mitho/mitho/index-10.html]
[spacingtech.com/html/mitho/mitho/img/menu/home11-shopbanner-1.jpg]
[spacingtech.com/html/mitho/mitho/img/menu/home11-shopbanner-2.jpg]
[spacingtech.com/html/mitho/mitho/img/menu/home11-pro-banner1.jpg]
[spacingtech.com/html/mitho/mitho/img/menu/home11-pro-banner2.jpg]
[spacingtech.com/html/mitho/mitho/img/menu/home11-pro-banner3.jpg]
[spacingtech.com/html/mitho/mitho/img/menu/home11-pro-banner4.jpg]
[spacingtech.com/html/mitho/mitho/img/menu/home11-pro-banner5.jpg]
[spacingtech.com/html/mitho/mitho/img/menu/home11-pro-banner6.jpg]
[spacingtech.com/html/mitho/mitho/img/menu/home11-pro-banner7.jpg]
[spacingtech.com/html/mitho/mitho/img/menu/home11-pro-banner8.jpg]
[spacingtech.com/html/mitho/mitho/img/menu/home11-collection1.jpg]
[spacingtech.com/html/mitho/mitho/img/menu/home11-collection2.jpg]
[spacingtech.com/html/mitho/mitho/img/menu/home11-collection3.jpg]
[spacingtech.com/html/mitho/mitho/img/menu/home11-blog.jpg]
[spacingtech.com/html/mitho/mitho/img/logo/logo11.png]
[spacingtech.com/html/mitho/mitho/img/slider/home11-slider1.jpg]
[spacingtech.com/html/mitho/mitho/img/slider/home11-mobslider1.jpg]
[spacingtech.com/html/mitho/mitho/img/slider/home11-slider2.jpg]
[spacingtech.com/html/mitho/mitho/img/slider/home11-mobslider2.jpg]
[spacingtech.com/html/mitho/mitho/img/slider/home11-slider3.jpg]
[spacingtech.com/html/mitho/mitho/img/slider/home11-mobslider3.jpg]
[spacingtech.com/html/mitho/mitho/img/banner/home11-small-banner.jpg]
[spacingtech.com/html/mitho/mitho/img/banner/home11-big-banner.jpg]
[spacingtech.com/html/mitho/mitho/img/cat/home11-cat1.png]
[spacingtech.com/html/mitho/mitho/img/cat/home11-cat2.png]
[spacingtech.com/html/mitho/mitho/img/cat/home11-cat3.png]
[spacingtech.com/html/mitho/mitho/img/cat/home11-cat4.png]
[spacingtech.com/html/mitho/mitho/img/cat/home11-cat5.png]
[spacingtech.com/html/mitho/mitho/img/cat/home11-cat6.png]
[spacingtech.com/html/mitho/mitho/img/cat/home11-cat7.png]
[spacingtech.com/html/mitho/mitho/img/product/home11-p1.jpg]
[spacingtech.com/html/mitho/mitho/img/product/home11-p2.jpg]
[spacingtech.com/html/mitho/mitho/img/product/home11-p4.jpg]
[spacingtech.com/html/mitho/mitho/img/product/home11-p3.jpg]
[spacingtech.com/html/mitho/mitho/img/product/home11-p5.jpg]
[spacingtech.com/html/mitho/mitho/img/product/home11-p6.jpg]
[spacingtech.com/html/mitho/mitho/img/product/home11-p7.jpg]
[spacingtech.com/html/mitho/mitho/img/product/home11-p8.jpg]
[spacingtech.com/html/mitho/mitho/img/product/home11-p9.jpg]
[spacingtech.com/html/mitho/mitho/img/product/home11-p10.jpg]
[spacingtech.com/html/mitho/mitho/img/product/home11-p11.jpg]
[spacingtech.com/html/mitho/mitho/img/product/home11-p12.jpg]
[spacingtech.com/html/mitho/mitho/img/product/home11-p13.jpg]
[spacingtech.com/html/mitho/mitho/img/product/home11-p14.jpg]
[spacingtech.com/html/mitho/mitho/img/product/home11-p15.jpg]
[spacingtech.com/html/mitho/mitho/img/product/home11-p16.jpg]
[spacingtech.com/html/mitho/mitho/img/product/home11-p17.jpg]
[spacingtech.com/html/mitho/mitho/img/product/home11-p18.jpg]
[spacingtech.com/html/mitho/mitho/img/product/home11-p19.jpg]
[spacingtech.com/html/mitho/mitho/img/product/home11-p20.jpg]
[spacingtech.com/html/mitho/mitho/img/news-letter/home11-news-letter.jpg]
[spacingtech.com/html/mitho/mitho/img/testi/home11-testi-bgimg.jpg]
[spacingtech.com/html/mitho/mitho/img/insta/home11-insta-1.jpg]
[spacingtech.com/html/mitho/mitho/img/insta/home11-insta-2.jpg]
[spacingtech.com/html/mitho/mitho/img/insta/home11-insta-3.jpg]
[spacingtech.com/html/mitho/mitho/img/insta/home11-insta-4.jpg]
[spacingtech.com/html/mitho/mitho/img/insta/home11-insta-5.jpg]
[spacingtech.com/html/mitho/mitho/img/insta/home11-insta-6.jpg]
[spacingtech.com/html/mitho/mitho/img/insta/home11-insta-7.jpg]
[spacingtech.com/html/mitho/mitho/img/insta/home11-insta-8.jpg]
[spacingtech.com/html/mitho/mitho/index-11.html]
[spacingtech.com/html/mitho/mitho/img/popup/home12-popup.jpg]
[spacingtech.com/html/mitho/mitho/img/logo/logo12.png]
[spacingtech.com/html/mitho/mitho/img/menu/home12-shopbanner-1.jpg]
[spacingtech.com/html/mitho/mitho/img/menu/home12-shopbanner-2.jpg]
[spacingtech.com/html/mitho/mitho/img/menu/home12-pro-banner1.jpg]
[spacingtech.com/html/mitho/mitho/img/menu/home12-pro-banner2.jpg]
[spacingtech.com/html/mitho/mitho/img/menu/home12-pro-banner3.jpg]
[spacingtech.com/html/mitho/mitho/img/menu/home12-pro-banner4.jpg]
[spacingtech.com/html/mitho/mitho/img/menu/home12-pro-banner5.jpg]
[spacingtech.com/html/mitho/mitho/img/menu/home12-pro-banner6.jpg]
[spacingtech.com/html/mitho/mitho/img/menu/home12-pro-banner7.jpg]
[spacingtech.com/html/mitho/mitho/img/menu/home12-collection1.jpg]
[spacingtech.com/html/mitho/mitho/img/menu/home12-collection2.jpg]
[spacingtech.com/html/mitho/mitho/img/menu/home12-collection3.jpg]
[spacingtech.com/html/mitho/mitho/img/menu/home12-pro-banner8.jpg]
[spacingtech.com/html/mitho/mitho/img/menu/home12-blog.jpg]
[spacingtech.com/html/mitho/mitho/img/slider/home12-slider1.jpg]
[spacingtech.com/html/mitho/mitho/img/slider/home12-mobslider1.jpg]
[spacingtech.com/html/mitho/mitho/img/slider/home12-slider2.jpg]
[spacingtech.com/html/mitho/mitho/img/slider/home12-mobslider2.jpg]
[spacingtech.com/html/mitho/mitho/img/slider/home12-slider3.jpg]
[spacingtech.com/html/mitho/mitho/img/slider/home12-mobslider3.jpg]
[spacingtech.com/html/mitho/mitho/img/product/home12-p1.jpg]
[spacingtech.com/html/mitho/mitho/img/product/home12-p2.jpg]
[spacingtech.com/html/mitho/mitho/img/product/home12-p3.jpg]
[spacingtech.com/html/mitho/mitho/img/product/home12-p4.jpg]
[spacingtech.com/html/mitho/mitho/img/product/home12-p5.jpg]
[spacingtech.com/html/mitho/mitho/img/product/home12-p6.jpg]
[spacingtech.com/html/mitho/mitho/img/product/home12-p7.jpg]
[spacingtech.com/html/mitho/mitho/img/product/home12-p8.jpg]
[spacingtech.com/html/mitho/mitho/img/product/home12-p9.jpg]
[spacingtech.com/html/mitho/mitho/img/product/home12-p10.jpg]
[spacingtech.com/html/mitho/mitho/img/product/home12-p11.jpg]
[spacingtech.com/html/mitho/mitho/img/product/home12-p12.jpg]
[spacingtech.com/html/mitho/mitho/img/product/home12-p13.jpg]
[spacingtech.com/html/mitho/mitho/img/product/home12-p14.jpg]
[spacingtech.com/html/mitho/mitho/img/product/home12-p15.jpg]
[spacingtech.com/html/mitho/mitho/img/product/home12-p16.jpg]
[spacingtech.com/html/mitho/mitho/img/product/home12-p17.jpg]
[spacingtech.com/html/mitho/mitho/img/product/home12-p18.jpg]
[spacingtech.com/html/mitho/mitho/img/product/home12-p19.jpg]
[spacingtech.com/html/mitho/mitho/img/product/home12-p20.jpg]
[spacingtech.com/html/mitho/mitho/img/cat/home12-cat1.jpg]
[spacingtech.com/html/mitho/mitho/img/cat/home12-cat2.jpg]
[spacingtech.com/html/mitho/mitho/img/cat/home12-cat3.jpg]
[spacingtech.com/html/mitho/mitho/img/cat/home12-cat4.jpg]
[spacingtech.com/html/mitho/mitho/img/cat/home12-cat5.jpg]
[spacingtech.com/html/mitho/mitho/img/cat/home12-cat6.jpg]
[spacingtech.com/html/mitho/mitho/img/cat/home12-cat7.jpg]
[spacingtech.com/html/mitho/mitho/img/banner/home12-banner1.jpg]
[spacingtech.com/html/mitho/mitho/img/banner/home12-banner2.jpg]
[spacingtech.com/html/mitho/mitho/img/banner/home12-banner3.jpg]
[spacingtech.com/html/mitho/mitho/img/blog/home12-blog1.jpg]
[spacingtech.com/html/mitho/mitho/img/blog/home12-blog2.jpg]
[spacingtech.com/html/mitho/mitho/img/blog/home12-blog3.jpg]
[spacingtech.com/html/mitho/mitho/img/blog/home12-blog4.jpg]
[spacingtech.com/html/mitho/mitho/img/blog/home12-blog5.jpg]
[spacingtech.com/html/mitho/mitho/img/blog/home12-blog6.jpg]
[spacingtech.com/html/mitho/mitho/img/blog/home12-blog7.jpg]
[spacingtech.com/html/mitho/mitho/img/blog/home12-blog8.jpg]
[spacingtech.com/html/mitho/mitho/img/testi/t-1.jpg]
[spacingtech.com/html/mitho/mitho/img/testi/t-2.jpg]
[spacingtech.com/html/mitho/mitho/img/testi/t-3.jpg]
[spacingtech.com/html/mitho/mitho/img/video/home12-video.jpg]
[spacingtech.com/html/mitho/mitho/img/cart/home12-cart-1.jpg]
[spacingtech.com/html/mitho/mitho/img/cart/home12-cart-2.jpg]
[spacingtech.com/html/mitho/mitho/img/cart/home12-cart-3.jpg]
[spacingtech.com/html/mitho/mitho/img/cart/home12-cart-4.jpg]
[spacingtech.com/html/mitho/mitho/index-12.html]
[spacingtech.com/html/mitho/mitho/img/logo/logo13.png]
[spacingtech.com/html/mitho/mitho/img/menu/home13-shopbanner-1.jpg]
[spacingtech.com/html/mitho/mitho/img/menu/home13-shopbanner-2.jpg]
[spacingtech.com/html/mitho/mitho/img/menu/home13-pro-banner1.jpg]
[spacingtech.com/html/mitho/mitho/img/menu/home13-pro-banner2.jpg]
[spacingtech.com/html/mitho/mitho/img/menu/home13-pro-banner3.jpg]
[spacingtech.com/html/mitho/mitho/img/menu/home13-pro-banner4.jpg]
[spacingtech.com/html/mitho/mitho/img/menu/home13-pro-banner5.jpg]
[spacingtech.com/html/mitho/mitho/img/menu/home13-pro-banner6.jpg]
[spacingtech.com/html/mitho/mitho/img/menu/home13-pro-banner7.jpg]
[spacingtech.com/html/mitho/mitho/img/menu/home13-pro-banner8.jpg]
[spacingtech.com/html/mitho/mitho/img/menu/home13-collection1.jpg]
[spacingtech.com/html/mitho/mitho/img/menu/home13-collection2.jpg]
[spacingtech.com/html/mitho/mitho/img/menu/home13-collection3.jpg]
[spacingtech.com/html/mitho/mitho/img/menu/home13-blog.jpg]
[spacingtech.com/html/mitho/mitho/img/slider/home13-slider1.jpg]
[spacingtech.com/html/mitho/mitho/img/slider/home13-mobslider1.jpg]
[spacingtech.com/html/mitho/mitho/img/slider/home13-slider2.jpg]
[spacingtech.com/html/mitho/mitho/img/slider/home13-mobslider2.jpg]
[spacingtech.com/html/mitho/mitho/img/slider/home13-slider3.jpg]
[spacingtech.com/html/mitho/mitho/img/slider/home13-mobslider3.jpg]
[spacingtech.com/html/mitho/mitho/img/cat/home13-cat1.jpg]
[spacingtech.com/html/mitho/mitho/img/cat/home13-cat2.jpg]
[spacingtech.com/html/mitho/mitho/img/cat/home13-cat3.jpg]
[spacingtech.com/html/mitho/mitho/img/cat/home13-cat4.jpg]
[spacingtech.com/html/mitho/mitho/img/cat/home13-cat5.jpg]
[spacingtech.com/html/mitho/mitho/img/cat/home13-cat6.jpg]
[spacingtech.com/html/mitho/mitho/img/product/home13-p1.jpg]
[spacingtech.com/html/mitho/mitho/img/product/home13-p2.jpg]
[spacingtech.com/html/mitho/mitho/img/product/home13-p9.jpg]
[spacingtech.com/html/mitho/mitho/img/product/home13-p10.jpg]
[spacingtech.com/html/mitho/mitho/img/product/home13-p7.jpg]
[spacingtech.com/html/mitho/mitho/img/product/home13-p8.jpg]
[spacingtech.com/html/mitho/mitho/img/product/home13-p5.jpg]
[spacingtech.com/html/mitho/mitho/img/product/home13-p6.jpg]
[spacingtech.com/html/mitho/mitho/img/product/home13-p3.jpg]
[spacingtech.com/html/mitho/mitho/img/product/home13-p4.jpg]
[spacingtech.com/html/mitho/mitho/img/banner/home13-banner1.jpg]
[spacingtech.com/html/mitho/mitho/img/banner/home13-banner2.jpg]
[spacingtech.com/html/mitho/mitho/img/testi/testi-4.jpg]
[spacingtech.com/html/mitho/mitho/img/testi/testi-5.jpg]
[spacingtech.com/html/mitho/mitho/img/testi/testi-6.jpg]
[spacingtech.com/html/mitho/mitho/img/cart/home13-cart-1.jpg]
[spacingtech.com/html/mitho/mitho/img/cart/home13-cart-2.jpg]
[spacingtech.com/html/mitho/mitho/img/cart/home13-cart-3.jpg]
[spacingtech.com/html/mitho/mitho/img/cart/home13-cart-4.jpg]
[spacingtech.com/html/mitho/mitho/img/product/home13-quckview1.jpg]
[spacingtech.com/html/mitho/mitho/img/product/home13-quckview2.jpg]
[spacingtech.com/html/mitho/mitho/img/product/home13-quckview3.jpg]
[spacingtech.com/html/mitho/mitho/img/product/home13-quckview4.jpg]
[spacingtech.com/html/mitho/mitho/index-13.html]
[spacingtech.com/html/mitho/mitho/img/product/home13-quckview5.jpg]
[spacingtech.com/html/mitho/mitho/img/logo/logo14.png]
[spacingtech.com/html/mitho/mitho/img/menu/home14-shopbanner-1.jpg]
[spacingtech.com/html/mitho/mitho/img/menu/home14-shopbanner-2.jpg]
[spacingtech.com/html/mitho/mitho/img/menu/home14-pro-banner1.jpg]
[spacingtech.com/html/mitho/mitho/img/menu/home14-pro-banner2.jpg]
[spacingtech.com/html/mitho/mitho/img/menu/home14-pro-banner3.jpg]
[spacingtech.com/html/mitho/mitho/img/menu/home14-pro-banner4.jpg]
[spacingtech.com/html/mitho/mitho/img/menu/home14-pro-banner5.jpg]
[spacingtech.com/html/mitho/mitho/img/menu/home14-pro-banner6.jpg]
[spacingtech.com/html/mitho/mitho/img/menu/home14-pro-banner7.jpg]
[spacingtech.com/html/mitho/mitho/img/menu/home14-pro-banner8.jpg]
[spacingtech.com/html/mitho/mitho/img/menu/home14-collection1.jpg]
[spacingtech.com/html/mitho/mitho/img/menu/home14-collection2.jpg]
[spacingtech.com/html/mitho/mitho/img/menu/home14-collection3.jpg]
[spacingtech.com/html/mitho/mitho/img/menu/home14-blog.jpg]
[spacingtech.com/html/mitho/mitho/img/slider/home14-slider1.jpg]
[spacingtech.com/html/mitho/mitho/img/slider/home14-slider2.jpg]
[spacingtech.com/html/mitho/mitho/img/slider/home14-slider3.jpg]
[spacingtech.com/html/mitho/mitho/img/service/home14-service.png]
[spacingtech.com/html/mitho/mitho/img/cat/home14-cat1.jpg]
[spacingtech.com/html/mitho/mitho/img/cat/home14-cat2.jpg]
[spacingtech.com/html/mitho/mitho/img/cat/home14-cat3.jpg]
[spacingtech.com/html/mitho/mitho/img/cat/home14-cat4.jpg]
[spacingtech.com/html/mitho/mitho/img/cat/home14-cat5.jpg]
[spacingtech.com/html/mitho/mitho/img/product/home14-p1.jpg]
[spacingtech.com/html/mitho/mitho/img/product/home14-p2.jpg]
[spacingtech.com/html/mitho/mitho/img/product/home14-p3.jpg]
[spacingtech.com/html/mitho/mitho/img/product/home14-p4.jpg]
[spacingtech.com/html/mitho/mitho/img/product/home14-p5.jpg]
[spacingtech.com/html/mitho/mitho/img/product/home14-p6.jpg]
[spacingtech.com/html/mitho/mitho/img/product/home14-p7.jpg]
[spacingtech.com/html/mitho/mitho/img/product/home14-p8.jpg]
[spacingtech.com/html/mitho/mitho/img/product/home14-p9.jpg]
[spacingtech.com/html/mitho/mitho/img/product/home14-p11.jpg]
[spacingtech.com/html/mitho/mitho/img/product/home14-p12.jpg]
[spacingtech.com/html/mitho/mitho/img/deal-banner/home14-deal1.jpg]
[spacingtech.com/html/mitho/mitho/img/deal-banner/home14-deal2.jpg]
[spacingtech.com/html/mitho/mitho/img/deal-banner/home14-deal3.jpg]
[spacingtech.com/html/mitho/mitho/img/banner/home14-banner2.jpg]
[spacingtech.com/html/mitho/mitho/img/blog/home14-blog1.jpg]
[spacingtech.com/html/mitho/mitho/img/blog/home14-blog2.jpg]
[spacingtech.com/html/mitho/mitho/img/blog/home14-blog3.jpg]
[spacingtech.com/html/mitho/mitho/img/blog/home14-blog4.jpg]
[spacingtech.com/html/mitho/mitho/img/blog/home14-blog5.jpg]
[spacingtech.com/html/mitho/mitho/img/blog/home14-blog6.jpg]
[spacingtech.com/html/mitho/mitho/img/blog/home14-blog7.jpg]
[spacingtech.com/html/mitho/mitho/img/blog/home14-blog8.jpg]
[spacingtech.com/html/mitho/mitho/img/footer/home14-footer-bgimg.jpg]
[spacingtech.com/html/mitho/mitho/img/cart/home14-cart-1.jpg]
[spacingtech.com/html/mitho/mitho/img/cart/home14-cart-2.jpg]
[spacingtech.com/html/mitho/mitho/img/cart/home14-cart-3.jpg]
[spacingtech.com/html/mitho/mitho/index-14.html]
[spacingtech.com/html/mitho/mitho/img/cart/home14-cart-4.jpg]
[spacingtech.com/html/mitho/mitho/img/logo/logo15.png]
[spacingtech.com/html/mitho/mitho/img/menu/home15-shopbanner-1.jpg]
[spacingtech.com/html/mitho/mitho/img/menu/home15-shopbanner-2.jpg]
[spacingtech.com/html/mitho/mitho/img/menu/home15-pro-banner1.jpg]
[spacingtech.com/html/mitho/mitho/img/menu/home15-pro-banner2.jpg]
[spacingtech.com/html/mitho/mitho/img/menu/home15-pro-banner3.jpg]
[spacingtech.com/html/mitho/mitho/img/menu/home15-pro-banner4.jpg]
[spacingtech.com/html/mitho/mitho/img/menu/home15-pro-banner5.jpg]
[spacingtech.com/html/mitho/mitho/img/menu/home15-pro-banner6.jpg]
[spacingtech.com/html/mitho/mitho/img/menu/home15-pro-banner7.jpg]
[spacingtech.com/html/mitho/mitho/img/menu/home15-pro-banner8.jpg]
[spacingtech.com/html/mitho/mitho/img/menu/home15-collection1.jpg]
[spacingtech.com/html/mitho/mitho/img/menu/home15-collection2.jpg]
[spacingtech.com/html/mitho/mitho/img/menu/home15-collection3.jpg]
[spacingtech.com/html/mitho/mitho/img/menu/home15-blog.jpg]
[spacingtech.com/html/mitho/mitho/img/slider/home15-slider1.jpg]
[spacingtech.com/html/mitho/mitho/img/slider/home15-mobslider2.jpg]
[spacingtech.com/html/mitho/mitho/img/slider/home15-slider2.jpg]
[spacingtech.com/html/mitho/mitho/img/slider/home15-slider3.jpg]
[spacingtech.com/html/mitho/mitho/img/slider/home15-mobslider3.jpg]
[spacingtech.com/html/mitho/mitho/img/cat/home15-cat1.png]
[spacingtech.com/html/mitho/mitho/img/cat/home15-cat2.png]
[spacingtech.com/html/mitho/mitho/img/cat/home15-cat3.png]
[spacingtech.com/html/mitho/mitho/img/cat/home15-cat4.png]
[spacingtech.com/html/mitho/mitho/img/cat/home15-cat5.png]
[spacingtech.com/html/mitho/mitho/img/cat/home15-cat6.png]
[spacingtech.com/html/mitho/mitho/img/cat/home15-cat7.png]
[spacingtech.com/html/mitho/mitho/img/cat/home15-cat8.png]
[spacingtech.com/html/mitho/mitho/img/custom/home15-custombg1.jpg]
[spacingtech.com/html/mitho/mitho/img/custom/home15-custom-img.png]
[spacingtech.com/html/mitho/mitho/img/product/home15-p24.jpg]
[spacingtech.com/html/mitho/mitho/img/product/home15-p25.jpg]
[spacingtech.com/html/mitho/mitho/img/product/home15-p2.jpg]
[spacingtech.com/html/mitho/mitho/img/product/home15-p12.jpg]
[spacingtech.com/html/mitho/mitho/img/product/home15-p27.jpg]
[spacingtech.com/html/mitho/mitho/img/product/home15-p26.jpg]
[spacingtech.com/html/mitho/mitho/img/product/home15-p28.jpg]
[spacingtech.com/html/mitho/mitho/img/product/home15-p29.jpg]
[spacingtech.com/html/mitho/mitho/img/product/home15-p23.jpg]
[spacingtech.com/html/mitho/mitho/img/product/home15-p22.jpg]
[spacingtech.com/html/mitho/mitho/img/product/home15-p21.jpg]
[spacingtech.com/html/mitho/mitho/img/product/home15-p20.jpg]
[spacingtech.com/html/mitho/mitho/img/product/home15-p18.jpg]
[spacingtech.com/html/mitho/mitho/img/product/home15-p7.jpg]
[spacingtech.com/html/mitho/mitho/img/product/home15-p8.jpg]
[spacingtech.com/html/mitho/mitho/img/product/home15-p11.jpg]
[spacingtech.com/html/mitho/mitho/img/product/home15-p10.jpg]
[spacingtech.com/html/mitho/mitho/img/product/home15-p14.jpg]
[spacingtech.com/html/mitho/mitho/img/product/home15-p15.jpg]
[spacingtech.com/html/mitho/mitho/img/product/home15-p3.jpg]
[spacingtech.com/html/mitho/mitho/img/product/home15-p4.jpg]
[spacingtech.com/html/mitho/mitho/img/product/home15-p17.jpg]
[spacingtech.com/html/mitho/mitho/img/product/home15-p19.jpg]
[spacingtech.com/html/mitho/mitho/img/custom/home15-custombg2.jpg]
[spacingtech.com/html/mitho/mitho/img/custom/home15-custom-img2.png]
[spacingtech.com/html/mitho/mitho/img/footer/home15-footer-bgimg.jpg]
[spacingtech.com/html/mitho/mitho/img/cart/home15-cart-1.jpg]
[spacingtech.com/html/mitho/mitho/img/cart/home15-cart-2.jpg]
[spacingtech.com/html/mitho/mitho/img/cart/home15-cart-3.jpg]
[spacingtech.com/html/mitho/mitho/img/cart/home15-cart-4.jpg]
[spacingtech.com/html/mitho/mitho/img/popup/home15-popup.jpg]
[spacingtech.com/html/mitho/mitho/img/product/home15-p1.jpg]
[spacingtech.com/html/mitho/mitho/img/product/home15-p5.jpg]
[spacingtech.com/html/mitho/mitho/index-15.html]
[spacingtech.com/html/mitho/mitho/img/menu/home16-shopbanner-1.jpg]
[spacingtech.com/html/mitho/mitho/img/menu/home16-shopbanner-2.jpg]
[spacingtech.com/html/mitho/mitho/img/menu/home16-pro-banner1.jpg]
[spacingtech.com/html/mitho/mitho/img/menu/home16-pro-banner2.jpg]
[spacingtech.com/html/mitho/mitho/img/menu/home16-pro-banner3.jpg]
[spacingtech.com/html/mitho/mitho/img/menu/home16-pro-banner4.jpg]
[spacingtech.com/html/mitho/mitho/img/menu/home16-pro-banner5.jpg]
[spacingtech.com/html/mitho/mitho/img/menu/home16-pro-banner6.jpg]
[spacingtech.com/html/mitho/mitho/img/menu/home16-pro-banner7.jpg]
[spacingtech.com/html/mitho/mitho/img/menu/home16-pro-banner8.jpg]
[spacingtech.com/html/mitho/mitho/img/menu/home16-collection1.jpg]
[spacingtech.com/html/mitho/mitho/img/menu/home16-collection2.jpg]
[spacingtech.com/html/mitho/mitho/img/menu/home16-collection3.jpg]
[spacingtech.com/html/mitho/mitho/img/menu/home16-blog.jpg]
[spacingtech.com/html/mitho/mitho/img/logo/logo16.png]
[spacingtech.com/html/mitho/mitho/img/slider/home16-slider1.jpg]
[spacingtech.com/html/mitho/mitho/img/slider/home16-mobslider1.jpg]
[spacingtech.com/html/mitho/mitho/img/slider/home16-slider2.jpg]
[spacingtech.com/html/mitho/mitho/img/slider/home16-mobslider2.jpg]
[spacingtech.com/html/mitho/mitho/img/slider/home16-slider3.jpg]
[spacingtech.com/html/mitho/mitho/img/slider/home16-mobslider3.jpg]
[spacingtech.com/html/mitho/mitho/img/cat/home16-cat1.jpg]
[spacingtech.com/html/mitho/mitho/img/cat/home16-cat2.jpg]
[spacingtech.com/html/mitho/mitho/img/cat/home16-cat3.jpg]
[spacingtech.com/html/mitho/mitho/img/cat/home16-cat4.jpg]
[spacingtech.com/html/mitho/mitho/img/cat/home16-cat5.jpg]
[spacingtech.com/html/mitho/mitho/img/cat/home16-cat6.jpg]
[spacingtech.com/html/mitho/mitho/img/cat/home16-cat7.jpg]
[spacingtech.com/html/mitho/mitho/img/custom/home16-custombg1.jpg]
[spacingtech.com/html/mitho/mitho/img/product/home16-p1.jpg]
[spacingtech.com/html/mitho/mitho/img/product/home16-p2.jpg]
[spacingtech.com/html/mitho/mitho/img/product/home16-p3.jpg]
[spacingtech.com/html/mitho/mitho/img/product/home16-p4.jpg]
[spacingtech.com/html/mitho/mitho/img/product/home16-p5.jpg]
[spacingtech.com/html/mitho/mitho/img/product/home16-p6.jpg]
[spacingtech.com/html/mitho/mitho/img/product/home16-p7.jpg]
[spacingtech.com/html/mitho/mitho/img/product/home16-p8.jpg]
[spacingtech.com/html/mitho/mitho/img/product/home16-p9.jpg]
[spacingtech.com/html/mitho/mitho/img/product/home16-p10.jpg]
[spacingtech.com/html/mitho/mitho/img/product/home16-p11.jpg]
[spacingtech.com/html/mitho/mitho/img/product/home16-p13.jpg]
[spacingtech.com/html/mitho/mitho/img/product/home16-p14.jpg]
[spacingtech.com/html/mitho/mitho/img/product/home16-p15.jpg]
[spacingtech.com/html/mitho/mitho/img/product/home16-p16.jpg]
[spacingtech.com/html/mitho/mitho/img/product/home16-p17.jpg]
[spacingtech.com/html/mitho/mitho/img/product/home16-p18.jpg]
[spacingtech.com/html/mitho/mitho/img/product/home16-p19.jpg]
[spacingtech.com/html/mitho/mitho/img/product/home16-p20.jpg]
[spacingtech.com/html/mitho/mitho/img/product/home16-p21.jpg]
[spacingtech.com/html/mitho/mitho/img/product/home16-p22.jpg]
[spacingtech.com/html/mitho/mitho/img/product/home16-p23.jpg]
[spacingtech.com/html/mitho/mitho/img/product/home16-p24.jpg]
[spacingtech.com/html/mitho/mitho/img/custom/home16-custombg2.jpg]
[spacingtech.com/html/mitho/mitho/img/blog/home16-blog1.jpg]
[spacingtech.com/html/mitho/mitho/img/blog/home16-blog2.jpg]
[spacingtech.com/html/mitho/mitho/img/blog/home16-blog3.jpg]
[spacingtech.com/html/mitho/mitho/img/blog/home16-blog4.jpg]
[spacingtech.com/html/mitho/mitho/img/blog/home16-blog5.jpg]
[spacingtech.com/html/mitho/mitho/img/blog/home16-blog6.jpg]
[spacingtech.com/html/mitho/mitho/img/testi/home16-testi-bg.jpg]
[spacingtech.com/html/mitho/mitho/img/insta/home16-insta-1.jpg]
[spacingtech.com/html/mitho/mitho/img/insta/home16-insta-2.jpg]
[spacingtech.com/html/mitho/mitho/img/insta/home16-insta-3.jpg]
[spacingtech.com/html/mitho/mitho/img/insta/home16-insta-4.jpg]
[spacingtech.com/html/mitho/mitho/img/insta/home16-insta-5.jpg]
[spacingtech.com/html/mitho/mitho/img/insta/home16-insta-6.jpg]
[spacingtech.com/html/mitho/mitho/img/insta/home16-insta-7.jpg]
[spacingtech.com/html/mitho/mitho/img/insta/home16-insta-8.jpg]
[spacingtech.com/html/mitho/mitho/img/footer/home16-footer-bgimg.jpg]
[spacingtech.com/html/mitho/mitho/img/cart/home16-cart-1.jpg]
[spacingtech.com/html/mitho/mitho/img/cart/home16-cart-2.jpg]
[spacingtech.com/html/mitho/mitho/img/cart/home16-cart-3.jpg]
[spacingtech.com/html/mitho/mitho/img/cart/home16-cart-4.jpg]
[spacingtech.com/html/mitho/mitho/img/popup/home16-popup.jpg]
[spacingtech.com/html/mitho/mitho/index-16.html]
[spacingtech.com/html/mitho/mitho/img/logo/logo17.png]
[spacingtech.com/html/mitho/mitho/img/menu/home17-shopbanner-1.jpg]
[spacingtech.com/html/mitho/mitho/img/menu/home17-shopbanner-2.jpg]
[spacingtech.com/html/mitho/mitho/img/menu/home17-pro-banner1.jpg]
[spacingtech.com/html/mitho/mitho/img/menu/home17-pro-banner2.jpg]
[spacingtech.com/html/mitho/mitho/img/menu/home17-pro-banner3.jpg]
[spacingtech.com/html/mitho/mitho/img/menu/home17-pro-banner4.jpg]
[spacingtech.com/html/mitho/mitho/img/menu/home17-pro-banner5.jpg]
[spacingtech.com/html/mitho/mitho/img/menu/home17-pro-banner6.jpg]
[spacingtech.com/html/mitho/mitho/img/menu/home17-pro-banner7.jpg]
[spacingtech.com/html/mitho/mitho/img/menu/home17-pro-banner8.jpg]
[spacingtech.com/html/mitho/mitho/img/menu/home17-manu-banner-1.jpg]
[spacingtech.com/html/mitho/mitho/img/menu/home17-manu-banner-2.jpg]
[spacingtech.com/html/mitho/mitho/img/menu/home17-manu-banner-3.jpg]
[spacingtech.com/html/mitho/mitho/img/menu/home17-blogbanner.jpg]
[spacingtech.com/html/mitho/mitho/img/slider/home17-slider1.jpg]
[spacingtech.com/html/mitho/mitho/img/slider/home17-mobslider-1.jpg]
[spacingtech.com/html/mitho/mitho/img/slider/home17-slider2.jpg]
[spacingtech.com/html/mitho/mitho/img/slider/home17-mobslider-2.jpg]
[spacingtech.com/html/mitho/mitho/img/slider/home17-slider3.jpg]
[spacingtech.com/html/mitho/mitho/img/slider/home17-mobslider-3.jpg]
[spacingtech.com/html/mitho/mitho/img/title/home17-title-img.png]
[spacingtech.com/html/mitho/mitho/img/product/home17-p1.jpg]
[spacingtech.com/html/mitho/mitho/img/product/home17-p2.jpg]
[spacingtech.com/html/mitho/mitho/img/product/home17-p3.jpg]
[spacingtech.com/html/mitho/mitho/img/product/home17-p4.jpg]
[spacingtech.com/html/mitho/mitho/img/product/home17-p5.jpg]
[spacingtech.com/html/mitho/mitho/img/product/home17-p6.jpg]
[spacingtech.com/html/mitho/mitho/img/product/home17-p7.jpg]
[spacingtech.com/html/mitho/mitho/img/product/home17-p8.jpg]
[spacingtech.com/html/mitho/mitho/img/product/home17-p9.jpg]
[spacingtech.com/html/mitho/mitho/img/product/home17-p10.jpg]
[spacingtech.com/html/mitho/mitho/img/product/home17-p11.jpg]
[spacingtech.com/html/mitho/mitho/img/product/home17-p12.jpg]
[spacingtech.com/html/mitho/mitho/img/product/home17-p13.jpg]
[spacingtech.com/html/mitho/mitho/img/product/home17-p14.jpg]
[spacingtech.com/html/mitho/mitho/img/product/home17-p15.jpg]
[spacingtech.com/html/mitho/mitho/img/product/home17-p16.jpg]
[spacingtech.com/html/mitho/mitho/img/product/home17-p17.jpg]
[spacingtech.com/html/mitho/mitho/img/product/home17-p18.jpg]
[spacingtech.com/html/mitho/mitho/img/product/home17-p19.jpg]
[spacingtech.com/html/mitho/mitho/img/product/home17-p20.jpg]
[spacingtech.com/html/mitho/mitho/img/banner/home17-banner1.jpg]
[spacingtech.com/html/mitho/mitho/img/banner/home17-banner2.jpg]
[spacingtech.com/html/mitho/mitho/img/banner/home17-banner3.jpg]
[spacingtech.com/html/mitho/mitho/img/banner/home17-banner4.jpg]
[spacingtech.com/html/mitho/mitho/img/banner/home17-banner5.jpg]
[spacingtech.com/html/mitho/mitho/img/product/home17-p27.jpg]
[spacingtech.com/html/mitho/mitho/img/product/home17-p28.jpg]
[spacingtech.com/html/mitho/mitho/img/product/home17-p21.jpg]
[spacingtech.com/html/mitho/mitho/img/product/home17-p22.jpg]
[spacingtech.com/html/mitho/mitho/img/product/home17-p23.jpg]
[spacingtech.com/html/mitho/mitho/img/product/home17-p24.jpg]
[spacingtech.com/html/mitho/mitho/img/product/home17-p25.jpg]
[spacingtech.com/html/mitho/mitho/img/product/home17-p26.jpg]
[spacingtech.com/html/mitho/mitho/img/video/home17-video.png]
[spacingtech.com/html/mitho/mitho/img/video/home17-Pattern.png]
[spacingtech.com/html/mitho/mitho/img/blog/home17-blog1.jpg]
[spacingtech.com/html/mitho/mitho/img/blog/home17-blog2.jpg]
[spacingtech.com/html/mitho/mitho/img/blog/home17-blog3.jpg]
[spacingtech.com/html/mitho/mitho/img/blog/home17-blog4.jpg]
[spacingtech.com/html/mitho/mitho/img/blog/home17-blog5.jpg]
[spacingtech.com/html/mitho/mitho/img/blog/home17-blog6.jpg]
[spacingtech.com/html/mitho/mitho/img/blog/home17-blog7.jpg]
[spacingtech.com/html/mitho/mitho/img/insta/home17-insta-1.jpg]
[spacingtech.com/html/mitho/mitho/img/insta/home17-insta-2.jpg]
[spacingtech.com/html/mitho/mitho/img/insta/home17-insta-3.jpg]
[spacingtech.com/html/mitho/mitho/img/insta/home17-insta-4.jpg]
[spacingtech.com/html/mitho/mitho/img/insta/home17-insta-5.jpg]
[spacingtech.com/html/mitho/mitho/img/insta/home17-insta-6.jpg]
[spacingtech.com/html/mitho/mitho/img/cart/home17-cart-1.jpg]
[spacingtech.com/html/mitho/mitho/img/cart/home17-cart-2.jpg]
[spacingtech.com/html/mitho/mitho/img/cart/home17-cart-3.jpg]
[spacingtech.com/html/mitho/mitho/img/cart/home17-cart-4.jpg]
[spacingtech.com/html/mitho/mitho/index-17.html]
[spacingtech.com/html/mitho/mitho/img/banner/sall-banner.jpg]
[spacingtech.com/html/mitho/mitho/collection.html]
[spacingtech.com/html/mitho/mitho/img/banner/side-banner.jpg]
[spacingtech.com/html/mitho/mitho/collection-without.html]
[spacingtech.com/html/mitho/mitho/collection-right.html]
[spacingtech.com/html/mitho/mitho/collection-list-without.html]
[spacingtech.com/html/mitho/mitho/collection-list.html]
[spacingtech.com/html/mitho/mitho/collection-list-right.html]
[spacingtech.com/html/mitho/mitho/product-template.html]
[spacingtech.com/html/mitho/mitho/product-template2.html]
[spacingtech.com/html/mitho/mitho/product-template3.html]
[spacingtech.com/html/mitho/mitho/product-template4.html]
[spacingtech.com/html/mitho/mitho/product-template5.html]
[spacingtech.com/html/mitho/mitho/product-template6.html]
[spacingtech.com/html/mitho/mitho/product-template7.html]
[spacingtech.com/html/mitho/mitho/product-template8.html]
[spacingtech.com/html/mitho/mitho/img/blog/blog-big.jpg]
[spacingtech.com/html/mitho/mitho/img/blog/blog-mini-1.jpg]
[spacingtech.com/html/mitho/mitho/img/blog/blog-mini-2.jpg]
[spacingtech.com/html/mitho/mitho/img/blog/blog-mini-3.jpg]
[spacingtech.com/html/mitho/mitho/img/blog/blog-mini-4.jpg]
[spacingtech.com/html/mitho/mitho/blog-grid.html]
[spacingtech.com/html/mitho/mitho/blog-grid-without.html]
[spacingtech.com/html/mitho/mitho/blog-grid-right.html]
[spacingtech.com/html/mitho/mitho/article-without.html]
[spacingtech.com/html/mitho/mitho/article.html]
[spacingtech.com/html/mitho/mitho/article-right.html]
[spacingtech.com/html/mitho/mitho/img/about/our-company.png]
[spacingtech.com/html/mitho/mitho/img/about/team-work.png]
[spacingtech.com/html/mitho/mitho/img/team/team-1.jpg]
[spacingtech.com/html/mitho/mitho/img/team/team-2.jpg]
[spacingtech.com/html/mitho/mitho/img/team/team-3.jpg]
[spacingtech.com/html/mitho/mitho/img/team/team-4.jpg]
[spacingtech.com/html/mitho/mitho/about-us.html]
[spacingtech.com/html/mitho/mitho/img/about/our-company1.jpg]
[spacingtech.com/html/mitho/mitho/img/about/our-mission2.jpg]
[spacingtech.com/html/mitho/mitho/img/about/our-vision3.jpg]
[spacingtech.com/html/mitho/mitho/about-us-2.html]
[spacingtech.com/html/mitho/mitho/account.html]
[spacingtech.com/html/mitho/mitho/order-history.html]
[spacingtech.com/html/mitho/mitho/profile.html]
[spacingtech.com/html/mitho/mitho/pro-addresses.html]
[spacingtech.com/html/mitho/mitho/wishlist-product.html]
[spacingtech.com/html/mitho/mitho/pro-tickets.html]
[spacingtech.com/html/mitho/mitho/billing-info.html]
[spacingtech.com/html/mitho/mitho/tracking.html]
[spacingtech.com/html/mitho/mitho/order-complete.html]
[spacingtech.com/html/mitho/mitho/contact-us.html]
[spacingtech.com/html/mitho/mitho/contact-us-2.html]
[spacingtech.com/html/mitho/mitho/checkout-style1.html]
[spacingtech.com/html/mitho/mitho/checkout-style2.html]
[spacingtech.com/html/mitho/mitho/checkout-style3.html]
[spacingtech.com/html/mitho/mitho/cancellation.html]
[spacingtech.com/html/mitho/mitho/cart-page.html]
[spacingtech.com/html/mitho/mitho/sitemap.html]
[spacingtech.com/html/mitho/mitho/img/other-pages/faq.jpg]
[spacingtech.com/html/mitho/mitho/faq.html]
[spacingtech.com/html/mitho/mitho/img/payment/discover.jpg]
[spacingtech.com/html/mitho/mitho/img/payment/shopify.jpg]
[spacingtech.com/html/mitho/mitho/img/payment/express.jpg]
[spacingtech.com/html/mitho/mitho/privacy-policy.html]
[spacingtech.com/html/mitho/mitho/payment-policy.html]
[spacingtech.com/html/mitho/mitho/return-policy.html]
[spacingtech.com/html/mitho/mitho/404.html]
[spacingtech.com/html/mitho/mitho/coming-soon.html]
[spacingtech.com/html/mitho/mitho/feature-product.html]
[spacingtech.com/html/mitho/mitho/index3.html]
[spacingtech.com/html/mitho/mitho/search.html]
[spacingtech.com/html/mitho/mitho/images/icon/icon-zoom.html]
[spacingtech.com/html/mitho/mitho/font/Feather144f.html]
[spacingtech.com/html/mitho/mitho/font/Feather144f-2.html]
[spacingtech.com/html/mitho/mitho/css/owl.video.play.html]
[spacingtech.com/html/mitho/mitho/css/style.css]
[spacingtech.com/html/mitho/mitho/article-post-without.html]
[spacingtech.com/html/mitho/mitho/article-post.html]
[spacingtech.com/html/mitho/mitho/article-post-right.html]
[spacingtech.com/html/mitho/mitho/img/about/about-home.jpg]
[spacingtech.com/html/mitho/mitho/img/about/our-mission.png]
[spacingtech.com/html/mitho/mitho/img/about/our-idea.png]
[spacingtech.com/html/mitho/mitho/about-us-3.html]
[spacingtech.com/html/mitho/mitho/pro-address.html]
[spacingtech.com/html/mitho/mitho/pro-wishlist.html]
[spacingtech.com/html/mitho/mitho/track-page.html]
[spacingtech.com/html/mitho/mitho/img/team/terms.jpg]
[spacingtech.com/html/mitho/mitho/img/team/mail.jpg]
[spacingtech.com/html/mitho/mitho/img/team/call.jpg]
[spacingtech.com/html/mitho/mitho/img/team/location.jpg]
[spacingtech.com/html/mitho/mitho/terms-condition.html]
[spacingtech.com/html/mitho/mitho/cart-empty.html]
[spacingtech.com/html/mitho/mitho/img/favicon/favicon2.svg]
[spacingtech.com/html/mitho/mitho/css/style2.css]
[spacingtech.com/html/mitho/mitho/product-template-2.html]
[spacingtech.com/html/mitho/mitho/shipping-policy.html]
[spacingtech.com/html/mitho/mitho/img/favicon/favicon4.svg]
[spacingtech.com/html/mitho/mitho/css/style4.css]
[spacingtech.com/html/mitho/mitho/img/product/p-5.html]
[spacingtech.com/html/mitho/mitho/img/product/p-6.html]
[spacingtech.com/html/mitho/mitho/index4.html]
[spacingtech.com/html/mitho/mitho/img/favicon/favicon5.svg]
[spacingtech.com/html/mitho/mitho/img/custom/home5-banner-bg.png]
[spacingtech.com/html/mitho/mitho/css/style5.css]
[spacingtech.com/html/mitho/mitho/index5.html]
[spacingtech.com/html/mitho/mitho/contact-us2.html]
[spacingtech.com/html/mitho/mitho/img/favicon/favicon6.svg]
[spacingtech.com/html/mitho/mitho/css/style6.css]
[spacingtech.com/html/mitho/mitho/img/home-6/flag/flag-1.html]
[spacingtech.com/html/mitho/mitho/img/home-6/flag/flag-2.html]
[spacingtech.com/html/mitho/mitho/img/home-6/flag/flag-3.html]
[spacingtech.com/html/mitho/mitho/img/home-6/flag/flag-4.html]
[spacingtech.com/html/mitho/mitho/img/home-6/flag/flag-5.html]
[spacingtech.com/html/mitho/mitho/collection-2.html]
[spacingtech.com/html/mitho/mitho/img/home-6/blog/home6-blog5.html]
[spacingtech.com/html/mitho/mitho/contact-us-2.html.html]
[spacingtech.com/html/mitho/mitho/privacy-policy.html.html]
[spacingtech.com/html/mitho/mitho/wishlist.html]
[spacingtech.com/html/mitho/mitho/img/favicon/favicon7.svg]
[spacingtech.com/html/mitho/mitho/img/deal-banner/home7-deal-bg.jpg]
[spacingtech.com/html/mitho/mitho/css/style7.css]
[spacingtech.com/html/mitho/mitho/img/home-7/product/home7-p27.html]
[spacingtech.com/html/mitho/mitho/img/home-7/product/home7-p28.html]
[spacingtech.com/html/mitho/mitho/img/favicon/favicon8.svg]
[spacingtech.com/html/mitho/mitho/img/custom/home8-custom-bg.png]
[spacingtech.com/html/mitho/mitho/css/style8.css]
[spacingtech.com/html/mitho/mitho/img/deal-banner/home8-deal-bg.png]
[spacingtech.com/html/mitho/mitho/img/home8-mobslider3.html]
[spacingtech.com/html/mitho/mitho/img/favicon/favicon9.svg]
[spacingtech.com/html/mitho/mitho/css/style9.css]
[spacingtech.com/html/mitho/mitho/collection-3.html]
[spacingtech.com/html/mitho/mitho/img/favicon/favicon10.svg]
[spacingtech.com/html/mitho/mitho/css/style10.css]
[spacingtech.com/html/mitho/mitho/img/favicon/favicon11.svg]
[spacingtech.com/html/mitho/mitho/css/style11.css]
[spacingtech.com/html/mitho/mitho/img/favicon/favicon12.svg]
[spacingtech.com/html/mitho/mitho/css/style12.css]
[spacingtech.com/html/mitho/mitho/about-us2.html]
[spacingtech.com/html/mitho/mitho/addresses.html]
[spacingtech.com/html/mitho/mitho/checkout2.html]
[spacingtech.com/html/mitho/mitho/checkout3.html]
[spacingtech.com/html/mitho/mitho/img/favicon/favicon13.svg]
[spacingtech.com/html/mitho/mitho/css/style13.css]
[spacingtech.com/html/mitho/mitho/img/popup/popup13.html]
[spacingtech.com/html/mitho/mitho/img/favicon/favicon14.svg]
[spacingtech.com/html/mitho/mitho/css/style14.css]
[spacingtech.com/img/custom/home14-banner1.html]
[spacingtech.com/html/mitho/mitho/img/favicon/favicon15.svg]
[spacingtech.com/html/mitho/mitho/css/style15.css]
[spacingtech.com/html/mitho/mitho/javascript(0)_void.html]
[spacingtech.com/html/mitho/mitho/img/favicon/favicon16.svg]
[spacingtech.com/html/mitho/mitho/css/style16.css]
[spacingtech.com/html/mitho/mitho/img/favicon/favicon17.svg]
[spacingtech.com/html/mitho/mitho/img/news-letter/news-letter-bg.png]
[spacingtech.com/html/mitho/mitho/css/style17.css]
[spacingtech.com/html/mitho/mitho/img/popup/popup-img.html]
[spacingtech.com/html/mitho/mitho/img/testi/testimonial.html]
[spacingtech.com/html/mitho/mitho/instagram.html]
[spacingtech.com/html/mitho/mitho/search-blog.html]
[spacingtech.com/html/mitho/mitho/img/about/Our-mission.html]
[spacingtech.com/html/mitho/mitho/img/about/Our-vision.html]
[spacingtech.com/html/mitho/mitho/img/about/Our-idea.html]
[spacingtech.com/html/mitho/mitho/change-password.html]
[spacingtech.com/html/mitho/mitho/wishlist-empty.html]
[spacingtech.com/html/mitho/mitho/img/menu/home1-pro-banner10.html]
[spacingtech.com/html/mitho/mitho/img/menu/home1-pro-banner11.html]
[spacingtech.com/html/mitho/mitho/img/policy/Privacy-policy.html]
[spacingtech.com/html/mitho/mitho/index8.html]
[spacingtech.com/html/mitho/mitho/img/about/years.html]
[spacingtech.com/html/mitho/mitho/img/about/clients.html]
[spacingtech.com/html/mitho/mitho/img/about/shops.html]
[spacingtech.com/html/mitho/mitho/img/about/sales.html]
